Component: ARM Compiler 5.06 update 5 (build 528) Tool: armlink [4d35e2]

==============================================================================

Section Cross References

    startup_stm32f10x_hd.o(RESET) refers to startup_stm32f10x_hd.o(STACK) for __initial_sp
    startup_stm32f10x_hd.o(RESET) refers to startup_stm32f10x_hd.o(.text) for Reset_Handler
    startup_stm32f10x_hd.o(RESET) refers to stm32f10x_it.o(i.NMI_Handler) for NMI_Handler
    startup_stm32f10x_hd.o(RESET) refers to stm32f10x_it.o(i.HardFault_Handler) for HardFault_Handler
    startup_stm32f10x_hd.o(RESET) refers to stm32f10x_it.o(i.MemManage_Handler) for MemManage_Handler
    startup_stm32f10x_hd.o(RESET) refers to stm32f10x_it.o(i.BusFault_Handler) for BusFault_Handler
    startup_stm32f10x_hd.o(RESET) refers to stm32f10x_it.o(i.UsageFault_Handler) for UsageFault_Handler
    startup_stm32f10x_hd.o(RESET) refers to stm32f10x_it.o(.emb_text) for SVC_Handler
    startup_stm32f10x_hd.o(RESET) refers to stm32f10x_it.o(i.DebugMon_Handler) for DebugMon_Handler
    startup_stm32f10x_hd.o(RESET) refers to stm32f10x_it.o(i.SysTick_Handler) for SysTick_Handler
    startup_stm32f10x_hd.o(RESET) refers to stm32f10x_it.o(i.EXTI0_IRQHandler) for EXTI0_IRQHandler
    startup_stm32f10x_hd.o(RESET) refers to stm32f10x_it.o(i.EXTI4_IRQHandler) for EXTI4_IRQHandler
    startup_stm32f10x_hd.o(RESET) refers to stm32f10x_it.o(i.EXTI15_10_IRQHandler) for EXTI15_10_IRQHandler
    startup_stm32f10x_hd.o(RESET) refers to stm32f10x_it.o(i.TIM6_IRQHandler) for TIM6_IRQHandler
    startup_stm32f10x_hd.o(RESET) refers to stm32f10x_it.o(i.TIM7_IRQHandler) for TIM7_IRQHandler
    startup_stm32f10x_hd.o(.text) refers to system_stm32f10x.o(i.SystemInit) for SystemInit
    startup_stm32f10x_hd.o(.text) refers to entry.o(.ARM.Collect$$$$00000000) for __main
    system_stm32f10x.o(i.SystemCoreClockUpdate) refers to system_stm32f10x.o(.data) for .data
    system_stm32f10x.o(i.SystemInit) refers to system_stm32f10x.o(i.SetSysClockTo72) for SetSysClockTo72
    stm32f10x_adc.o(i.ADC_DeInit) refers to stm32f10x_rcc.o(i.RCC_APB2PeriphResetCmd) for RCC_APB2PeriphResetCmd
    stm32f10x_bkp.o(i.BKP_DeInit) refers to stm32f10x_rcc.o(i.RCC_BackupResetCmd) for RCC_BackupResetCmd
    stm32f10x_can.o(i.CAN_DeInit) refers to stm32f10x_rcc.o(i.RCC_APB1PeriphResetCmd) for RCC_APB1PeriphResetCmd
    stm32f10x_can.o(i.CAN_GetITStatus) refers to stm32f10x_can.o(i.CheckITStatus) for CheckITStatus
    stm32f10x_cec.o(i.CEC_DeInit) refers to stm32f10x_rcc.o(i.RCC_APB1PeriphResetCmd) for RCC_APB1PeriphResetCmd
    stm32f10x_dac.o(i.DAC_DeInit) refers to stm32f10x_rcc.o(i.RCC_APB1PeriphResetCmd) for RCC_APB1PeriphResetCmd
    stm32f10x_flash.o(i.FLASH_EnableWriteProtection) refers to stm32f10x_flash.o(i.FLASH_WaitForLastOperation) for FLASH_WaitForLastOperation
    stm32f10x_flash.o(i.FLASH_EraseAllBank1Pages) refers to stm32f10x_flash.o(i.FLASH_WaitForLastBank1Operation) for FLASH_WaitForLastBank1Operation
    stm32f10x_flash.o(i.FLASH_EraseAllPages) refers to stm32f10x_flash.o(i.FLASH_WaitForLastOperation) for FLASH_WaitForLastOperation
    stm32f10x_flash.o(i.FLASH_EraseOptionBytes) refers to stm32f10x_flash.o(i.FLASH_GetReadOutProtectionStatus) for FLASH_GetReadOutProtectionStatus
    stm32f10x_flash.o(i.FLASH_EraseOptionBytes) refers to stm32f10x_flash.o(i.FLASH_WaitForLastOperation) for FLASH_WaitForLastOperation
    stm32f10x_flash.o(i.FLASH_ErasePage) refers to stm32f10x_flash.o(i.FLASH_WaitForLastOperation) for FLASH_WaitForLastOperation
    stm32f10x_flash.o(i.FLASH_ProgramHalfWord) refers to stm32f10x_flash.o(i.FLASH_WaitForLastOperation) for FLASH_WaitForLastOperation
    stm32f10x_flash.o(i.FLASH_ProgramOptionByteData) refers to stm32f10x_flash.o(i.FLASH_WaitForLastOperation) for FLASH_WaitForLastOperation
    stm32f10x_flash.o(i.FLASH_ProgramWord) refers to stm32f10x_flash.o(i.FLASH_WaitForLastOperation) for FLASH_WaitForLastOperation
    stm32f10x_flash.o(i.FLASH_ReadOutProtection) refers to stm32f10x_flash.o(i.FLASH_WaitForLastOperation) for FLASH_WaitForLastOperation
    stm32f10x_flash.o(i.FLASH_UserOptionByteConfig) refers to stm32f10x_flash.o(i.FLASH_WaitForLastOperation) for FLASH_WaitForLastOperation
    stm32f10x_flash.o(i.FLASH_WaitForLastBank1Operation) refers to stm32f10x_flash.o(i.FLASH_GetBank1Status) for FLASH_GetBank1Status
    stm32f10x_flash.o(i.FLASH_WaitForLastOperation) refers to stm32f10x_flash.o(i.FLASH_GetBank1Status) for FLASH_GetBank1Status
    stm32f10x_gpio.o(i.GPIO_AFIODeInit) refers to stm32f10x_rcc.o(i.RCC_APB2PeriphResetCmd) for RCC_APB2PeriphResetCmd
    stm32f10x_gpio.o(i.GPIO_DeInit) refers to stm32f10x_rcc.o(i.RCC_APB2PeriphResetCmd) for RCC_APB2PeriphResetCmd
    stm32f10x_i2c.o(i.I2C_DeInit) refers to stm32f10x_rcc.o(i.RCC_APB1PeriphResetCmd) for RCC_APB1PeriphResetCmd
    stm32f10x_i2c.o(i.I2C_Init) refers to stm32f10x_rcc.o(i.RCC_GetClocksFreq) for RCC_GetClocksFreq
[...]
    Removing jiao_task.o(.emb_text), (32 bytes).
    Removing jiao_task.o(i.Task1_Entry), (76 bytes).
    Removing jiao_task.o(i.Task2_Entry), (56 bytes).
    Removing jiao_task.o(i.delay), (10 bytes).
    Removing jiao_task.o(i.prvInitialiseTaskLists), (32 bytes).
    Removing jiao_task.o(i.prvTaskExitError), (2 bytes).
    Removing jiao_task.o(i.pxPortInitialiseStack), (36 bytes).
    Removing jiao_task.o(i.vPortEnterCritical), (28 bytes).
    Removing jiao_task.o(i.vPortExitCritical), (20 bytes).
    Removing jiao_task.o(i.vTaskStartScheduler), (20 bytes).
    Removing jiao_task.o(i.xPortStartScheduler), (32 bytes).
    Removing jiao_task.o(i.xTaskCreateStatic), (96 bytes).
    Removing jiao_task.o(.bss), (320 bytes).
    Removing jiao_task.o(.bss), (320 bytes).
    Removing jiao_task.o(.data), (4 bytes).
    Removing jiao_task.o(.data), (4 bytes).
    Removing jiao_task.o(.data), (1 bytes).
    Removing jiao_task.o(.data), (1 bytes).
    Removing jiao_time.o(i.init_pit), (52 bytes).
    Removing jiao_time.o(i.timer_free), (6 bytes).
    Removing jiao_time.o(i.timer_init), (6 bytes).
    Removing dadd.o(.text), (334 bytes).
    Removing dmul.o(.text), (228 bytes).
    Removing ddiv.o(.text), (222 bytes).
    Removing dfixul.o(.text), (48 bytes).
    Removing cdrcmple.o(.text), (48 bytes).
    Removing depilogue.o(.text), (186 bytes).

512 unused section(s) (total 18976 bytes) removed from the image.

==============================================================================

Image Symbol Table

    Local Symbols

    Symbol Name                              Value     Ov Type        Size  Object(Section)

    ../clib/../cmprslib/lz77c.c              0x00000000   Number         0  __dclz77c.o ABSOLUTE
    ../clib/microlib/division.c              0x00000000   Number         0  uidiv.o ABSOLUTE
    ../clib/microlib/division.c              0x00000000   Number         0  uldiv.o ABSOLUTE
    ../clib/microlib/init/entry.s            0x00000000   Number         0  entry8b.o ABSOLUTE
    ../clib/microlib/init/entry.s            0x00000000   Number         0  entry9b.o ABSOLUTE
    ../clib/microlib/init/entry.s            0x00000000   Number         0  entry9a.o ABSOLUTE
    ../clib/microlib/init/entry.s            0x00000000   Number         0  entry11b.o ABSOLUTE
    ../clib/microlib/init/entry.s            0x00000000   Number         0  entry11a.o ABSOLUTE
    ../clib/microlib/init/entry.s            0x00000000   Number         0  entry10b.o ABSOLUTE
    ../clib/microlib/init/entry.s            0x00000000   Number         0  entry8a.o ABSOLUTE
    ../clib/microlib/init/entry.s            0x00000000   Number         0  entry10a.o ABSOLUTE
    ../clib/microlib/init/entry.s            0x00000000   Number         0  entry7b.o ABSOLUTE
    ../clib/microlib/init/entry.s            0x00000000   Number         0  entry5.o ABSOLUTE
    ../clib/microlib/init/entry.s            0x00000000   Number         0  entry7a.o ABSOLUTE
    ../clib/microlib/init/entry.s            0x00000000   Number         0  entry.o ABSOLUTE
    ../clib/microlib/init/entry.s            0x00000000   Number         0  entry2.o ABSOLUTE
    ../clib/microlib/longlong.c              0x00000000   Number         0  llshl.o ABSOLUTE
    ../clib/microlib/longlong.c              0x00000000   Number         0  llushr.o ABSOLUTE
    ../clib/microlib/longlong.c              0x00000000   Number         0  llsshr.o ABSOLUTE
    ../clib/microlib/malloc/malloc.c         0x00000000   Number         0  malloca.o ABSOLUTE
    ../clib/microlib/malloc/malloc.c         0x00000000   Number         0  mallocra.o ABSOLUTE
    ../clib/microlib/malloc/malloc.c         0x00000000   Number         0  mallocr.o ABSOLUTE
    ../clib/microlib/malloc/malloc.c         0x00000000   Number         0  malloc.o ABSOLUTE
    ../clib/microlib/malloc/mvars.c          0x00000000   Number         0  mvars.o ABSOLUTE
    ../clib/microlib/printf/printf.c         0x00000000   Number         0  printf8.o ABSOLUTE
    ../clib/microlib/printf/printf.c         0x00000000   Number         0  printf7.o ABSOLUTE
    ../clib/microlib/printf/printf.c         0x00000000   Number         0  printf4.o ABSOLUTE
    ../clib/microlib/printf/printf.c         0x00000000   Number         0  printf6.o ABSOLUTE
    ../clib/microlib/printf/printf.c         0x00000000   Number         0  printfb.o ABSOLUTE
    ../clib/microlib/printf/printf.c         0x00000000   Number         0  printf0.o ABSOLUTE
    ../clib/microlib/printf/printf.c         0x00000000   Number         0  printf5.o ABSOLUTE
    ../clib/microlib/printf/printf.c         0x00000000   Number         0  printf3.o ABSOLUTE
    ../clib/microlib/printf/printf.c         0x00000000   Number         0  printf2.o ABSOLUTE
    ../clib/microlib/printf/printf.c         0x00000000   Number         0  printf1.o ABSOLUTE
    ../clib/microlib/printf/printf.c         0x00000000   Number         0  printfa.o ABSOLUTE
    ../clib/microlib/printf/stubs.s          0x00000000   Number         0  stubs.o ABSOLUTE
    ../clib/microlib/stdio/streams.c         0x00000000   Number         0  stdout.o ABSOLUTE
    ../clib/microlib/string/memcpy.c         0x00000000   Number         0  memcpyb.o ABSOLUTE
    ../clib/microlib/string/memcpy.c         0x00000000   Number         0  memcpya.o ABSOLUTE
    ../clib/microlib/string/memset.c         0x00000000   Number         0  memseta.o ABSOLUTE
    ../clib/microlib/string/strlen.c         0x00000000   Number         0  strlen.o ABSOLUTE
    ../clib/microlib/stubs.s                 0x00000000   Number         0  iusefp.o ABSOLUTE
    ../fplib/microlib/fpadd.c                0x00000000   Number         0  dadd.o ABSOLUTE
    ../fplib/microlib/fpadd.c                0x00000000   Number         0  fadd.o ABSOLUTE
    ../fplib/microlib/fpdiv.c                0x00000000   Number         0  ddiv.o ABSOLUTE
    ../fplib/microlib/fpdiv.c                0x00000000   Number         0  fdiv.o ABSOLUTE
    ../fplib/microlib/fpepilogue.c           0x00000000   Number         0  depilogue.o ABSOLUTE
    ../fplib/microlib/fpepilogue.c           0x00000000   Number         0  fepilogue.o ABSOLUTE
    ../fplib/microlib/fpfix.c                0x00000000   Number         0  dfixul.o ABSOLUTE
    ../fplib/microlib/fpfix.c                0x00000000   Number         0  ffixui.o ABSOLUTE
    ../fplib/microlib/fpfix.c                0x00000000   Number         0  ffixi.o ABSOLUTE
    ../fplib/microlib/fpflt.c                0x00000000   Number         0  fflti.o ABSOLUTE
    ../fplib/microlib/fpmul.c                0x00000000   Number         0  fmul.o ABSOLUTE
    ../fplib/microlib/fpmul.c                0x00000000   Number         0  dmul.o ABSOLUTE
    ..\Libraries\CMSIS\core_cm3.c            0x00000000   Number         0  core_cm3.o ABSOLUTE
    ..\Libraries\CMSIS\startup\startup_stm32f10x_hd.s 0x00000000   Number         0  startup_stm32f10x_hd.o ABSOLUTE
    ..\Libraries\CMSIS\system_stm32f10x.c    0x00000000   Number         0  system_stm32f10x.o ABSOLUTE
    ..\Libraries\STM32F10x_StdPeriph_Driver\src\misc.c 0x00000000   Number         0  misc.o ABSOLUTE
    ..\Libraries\STM32F10x_StdPeriph_Driver\src\stm32f10x_adc.c 0x00000000   Number         0  stm32f10x_adc.o ABSOLUTE
    ..\Libraries\STM32F10x_StdPeriph_Driver\src\stm32f10x_bkp.c 0x00000000   Number         0  stm32f10x_bkp.o ABSOLUTE
    ..\Libraries\STM32F10x_StdPeriph_Driver\src\stm32f10x_can.c 0x00000000   Number         0  stm32f10x_can.o ABSOLUTE
    ..\Libraries\STM32F10x_StdPeriph_Driver\src\stm32f10x_cec.c 0x00000000   Number         0  stm32f10x_cec.o ABSOLUTE
    ..\Libraries\STM32F10x_StdPeriph_Driver\src\stm32f10x_crc.c 0x00000000   Number         0  stm32f10x_crc.o ABSOLUTE
    ..\Libraries\STM32F10x_StdPeriph_Driver\src\stm32f10x_dac.c 0x00000000   Number         0  stm32f10x_dac.o ABSOLUTE
    ..\Libraries\STM32F10x_StdPeriph_Driver\src\stm32f10x_dbgmcu.c 0x00000000   Number         0  stm32f10x_dbgmcu.o ABSOLUTE
    ..\Libraries\STM32F10x_StdPeriph_Driver\src\stm32f10x_dma.c 0x00000000   Number         0  stm32f10x_dma.o ABSOLUTE
    ..\Libraries\STM32F10x_StdPeriph_Driver\src\stm32f10x_exti.c 0x00000000   Number         0  stm32f10x_exti.o ABSOLUTE
    ..\Libraries\STM32F10x_StdPeriph_Driver\src\stm32f10x_flash.c 0x00000000   Number         0  stm32f10x_flash.o ABSOLUTE
    ..\Libraries\STM32F10x_StdPeriph_Driver\src\stm32f10x_fsmc.c 0x00000000   Number         0  stm32f10x_fsmc.o ABSOLUTE
    ..\Libraries\STM32F10x_StdPeriph_Driver\src\stm32f10x_gpio.c 0x00000000   Number         0  stm32f10x_gpio.o ABSOLUTE
    ..\Libraries\STM32F10x_StdPeriph_Driver\src\stm32f10x_i2c.c 0x00000000   Number         0  stm32f10x_i2c.o ABSOLUTE
    ..\Libraries\STM32F10x_StdPeriph_Driver\src\stm32f10x_iwdg.c 0x00000000   Number         0  stm32f10x_iwdg.o ABSOLUTE
    ..\Libraries\STM32F10x_StdPeriph_Driver\src\stm32f10x_pwr.c 0x00000000   Number         0  stm32f10x_pwr.o ABSOLUTE
    ..\Libraries\STM32F10x_StdPeriph_Driver\src\stm32f10x_rcc.c 0x00000000   Number         0  stm32f10x_rcc.o ABSOLUTE
    ..\Libraries\STM32F10x_StdPeriph_Driver\src\stm32f10x_rtc.c 0x00000000   Number         0  stm32f10x_rtc.o ABSOLUTE
    ..\Libraries\STM32F10x_StdPeriph_Driver\src\stm32f10x_sdio.c 0x00000000   Number         0  stm32f10x_sdio.o ABSOLUTE
    ..\Libraries\STM32F10x_StdPeriph_Driver\src\stm32f10x_spi.c 0x00000000   Number         0  stm32f10x_spi.o ABSOLUTE
    ..\Libraries\STM32F10x_StdPeriph_Driver\src\stm32f10x_tim.c 0x00000000   Number         0  stm32f10x_tim.o ABSOLUTE
    ..\Libraries\STM32F10x_StdPeriph_Driver\src\stm32f10x_usart.c 0x00000000   Number         0  stm32f10x_usart.o ABSOLUTE
    ..\Libraries\STM32F10x_StdPeriph_Driver\src\stm32f10x_wwdg.c 0x00000000   Number         0  stm32f10x_wwdg.o ABSOLUTE
    ..\OS\DataStructure\jiao_FIFO.c          0x00000000   Number         0  jiao_fifo.o ABSOLUTE
    ..\OS\desktop\jiao_dasktop.c             0x00000000   Number         0  jiao_dasktop.o ABSOLUTE
    ..\OS\jiao_list.c                        0x00000000   Number         0  jiao_list.o ABSOLUTE
    ..\OS\jiao_os.c                          0x00000000   Number         0  jiao_os.o ABSOLUTE
    ..\OS\sheet\jiao_sheet.c                 0x00000000   Number         0  jiao_sheet.o ABSOLUTE
    ..\OS\task\jiao_task.c                   0x00000000   Number         0  jiao_task.o ABSOLUTE
    ..\OS\time\jiao_time.c                   0x00000000   Number         0  jiao_time.o ABSOLUTE
    ..\User\Key\bsp_key.c                    0x00000000   Number         0  bsp_key.o ABSOLUTE
    ..\User\TIM\bsp_base_tim.c               0x00000000   Number         0  bsp_base_tim.o ABSOLUTE
    ..\User\flash\bsp_spi_flash.c            0x00000000   Number         0  bsp_spi_flash.o ABSOLUTE
    ..\User\font\fonts.c                     0x00000000   Number         0  fonts.o ABSOLUTE
    ..\User\lcd\bsp_ili9341_lcd.c            0x00000000   Number         0  bsp_ili9341_lcd.o ABSOLUTE
    ..\User\lcd\bsp_xpt2046_lcd.c            0x00000000   Number         0  bsp_xpt2046_lcd.o ABSOLUTE
    ..\User\led\bsp_led.c                    0x00000000   Number         0  bsp_led.o ABSOLUTE
    ..\User\main.c                           0x00000000   Number         0  main.o ABSOLUTE
    ..\User\stm32f10x_it.c                   0x00000000   Number         0  stm32f10x_it.o ABSOLUTE
    ..\User\usart\bsp_usart.c                0x00000000   Number         0  bsp_usart.o ABSOLUTE
    ..\\Libraries\\CMSIS\\core_cm3.c         0x00000000   Number         0  core_cm3.o ABSOLUTE
    ..\\OS\\task\\jiao_task.c                0x00000000   Number         0  jiao_task.o ABSOLUTE
    ..\\User\\stm32f10x_it.c                 0x00000000   Number         0  stm32f10x_it.o ABSOLUTE
    cdrcmple.s                               0x00000000   Number         0  cdrcmple.o ABSOLUTE
    dc.s                                     0x00000000   Number         0  dc.o ABSOLUTE
    handlers.s                               0x00000000   Number         0  handlers.o ABSOLUTE
    init.s                                   0x00000000   Number         0  init.o ABSOLUTE
    RESET                                    0x08000000   Section      304  startup_stm32f10x_hd.o(RESET)
    .ARM.Collect$$$$00000000                 0x08000130   Section        0  entry.o(.ARM.Collect$$$$00000000)
    .ARM.Collect$$$$00000001                 0x08000130   Section        4  entry2.o(.ARM.Collect$$$$00000001)
    .ARM.Collect$$$$00000004                 0x08000134   Section        4  entry5.o(.ARM.Collect$$$$00000004)
    .ARM.Collect$$$$00000008                 0x08000138   Section        0  entry7b.o(.ARM.Collect$$$$00000008)
    .ARM.Collect$$$$0000000A                 0x08000138   Section        0  entry8b.o(.ARM.Collect$$$$0000000A)
    .ARM.Collect$$$$0000000B                 0x08000138   Section        8  entry9a.o(.ARM.Collect$$$$0000000B)
    .ARM.Collect$$$$0000000D                 0x08000140   Section        0  entry10a.o(.ARM.Collect$$$$0000000D)
    .ARM.Collect$$$$0000000F                 0x08000140   Section        0  entry11a.o(.ARM.Collect$$$$0000000F)
    .ARM.Collect$$$$00002712                 0x08000140   Section        4  entry2.o(.ARM.Collect$$$$00002712)
    __lit__00000000                          0x08000140   Data           4  entry2.o(.ARM.Collect$$$$00002712)
    .emb_text                                0x08000144   Section      112  stm32f10x_it.o(.emb_text)
    .text                                    0x080001b4   Section       36  startup_stm32f10x_hd.o(.text)
    .text                                    0x080001d8   Section        0  memseta.o(.text)
    .text                                    0x080001fc   Section        0  strlen.o(.text)
    .text                                    0x0800020a   Section        0  fadd.o(.text)
    .text                                    0x080002ba   Section        0  fmul.o(.text)
    .text                                    0x0800031e   Section        0  fdiv.o(.text)
    .text                                    0x0800039a   Section        0  fflti.o(.text)
    .text                                    0x080003ac   Section        0  ffixi.o(.text)
    .text                                    0x080003de   Section        0  ffixui.o(.text)
    .text                                    0x08000406   Section        0  uldiv.o(.text)
    .text                                    0x08000468   Section        0  iusefp.o(.text)
    .text                                    0x08000468   Section        0  fepilogue.o(.text)
    .text                                    0x080004d8   Section       36  init.o(.text)
    .text                                    0x080004fc   Section        0  llshl.o(.text)
    .text                                    0x0800051a   Section        0  llushr.o(.text)
    .text                                    0x0800053a   Section        0  __dclz77c.o(.text)
    i.BusFault_Handler                       0x08000598   Section        0  stm32f10x_it.o(i.BusFault_Handler)
    i.Calibrate_or_Get_TouchParaWithFlash    0x0800059c   Section        0  bsp_xpt2046_lcd.o(i.Calibrate_or_Get_TouchParaWithFlash)
    i.DebugMon_Handler                       0x08000628   Section        0  stm32f10x_it.o(i.DebugMon_Handler)
    i.Draw_Dasktop                           0x0800062c   Section        0  jiao_dasktop.o(i.Draw_Dasktop)
    i.Draw_Mouse                             0x080007d4   Section        0  jiao_dasktop.o(i.Draw_Mouse)
    i.EXTI0_IRQHandler                       0x08000818   Section        0  stm32f10x_it.o(i.EXTI0_IRQHandler)
    i.EXTI15_10_IRQHandler                   0x08000860   Section        0  stm32f10x_it.o(i.EXTI15_10_IRQHandler)
    i.EXTI4_IRQHandler                       0x080008ac   Section        0  stm32f10x_it.o(i.EXTI4_IRQHandler)
    i.EXTI_ClearITPendingBit                 0x080008f8   Section        0  stm32f10x_exti.o(i.EXTI_ClearITPendingBit)
    i.EXTI_GetITStatus                       0x08000904   Section        0  stm32f10x_exti.o(i.EXTI_GetITStatus)
    i.EXTI_Init                              0x08000924   Section        0  stm32f10x_exti.o(i.EXTI_Init)
    i.FIFO8_Get                              0x08000994   Section        0  jiao_fifo.o(i.FIFO8_Get)
    i.FIFO8_Init                             0x080009be   Section        0  jiao_fifo.o(i.FIFO8_Init)
    i.FIFO8_Status                           0x080009cc   Section        0  jiao_fifo.o(i.FIFO8_Status)
    i.FSMC_NORSRAMCmd                        0x080009d4   Section        0  stm32f10x_fsmc.o(i.FSMC_NORSRAMCmd)
    i.FSMC_NORSRAMInit                       0x080009f4   Section        0  stm32f10x_fsmc.o(i.FSMC_NORSRAMInit)
    i.GPIO_EXTILineConfig                    0x08000abc   Section        0  stm32f10x_gpio.o(i.GPIO_EXTILineConfig)
    i.GPIO_Init                              0x08000ae4   Section        0  stm32f10x_gpio.o(i.GPIO_Init)
    i.GPIO_ReadInputDataBit                  0x08000b80   Section        0  stm32f10x_gpio.o(i.GPIO_ReadInputDataBit)
    i.GPIO_ResetBits                         0x08000b8e   Section        0  stm32f10x_gpio.o(i.GPIO_ResetBits)
    i.GPIO_SetBits                           0x08000b92   Section        0  stm32f10x_gpio.o(i.GPIO_SetBits)
    i.GetGBKCode_from_EXFlash                0x08000b98   Section        0  fonts.o(i.GetGBKCode_from_EXFlash)
    i.Get_Dasktop_Part                       0x08000be4   Section        0  jiao_dasktop.o(i.Get_Dasktop_Part)
    i.HardFault_Handler                      0x08000c2c   Section        0  stm32f10x_it.o(i.HardFault_Handler)
    i.Hareware_Init                          0x08000c30   Section        0  jiao_os.o(i.Hareware_Init)
    Hareware_Init                            0x08000c31   Thumb Code    60  jiao_os.o(i.Hareware_Init)
    i.ILI9341_BackLed_Control                0x08000cb0   Section        0  bsp_ili9341_lcd.o(i.ILI9341_BackLed_Control)
    i.ILI9341_Clear                          0x08000cc8   Section        0  bsp_ili9341_lcd.o(i.ILI9341_Clear)
    i.ILI9341_Delay                          0x08000ce8   Section        0  bsp_ili9341_lcd.o(i.ILI9341_Delay)
    ILI9341_Delay                            0x08000ce9   Thumb Code    16  bsp_ili9341_lcd.o(i.ILI9341_Delay)
    i.ILI9341_DispChar_EN                    0x08000cf8   Section        0  bsp_ili9341_lcd.o(i.ILI9341_DispChar_EN)
    i.ILI9341_DispStringLine_EN              0x08000d8c   Section        0  bsp_ili9341_lcd.o(i.ILI9341_DispStringLine_EN)
    i.ILI9341_DrawLine                       0x08000dd8   Section        0  bsp_ili9341_lcd.o(i.ILI9341_DrawLine)
    i.ILI9341_FSMC_Config                    0x08000e74   Section        0  bsp_ili9341_lcd.o(i.ILI9341_FSMC_Config)
    ILI9341_FSMC_Config                      0x08000e75   Thumb Code   104  bsp_ili9341_lcd.o(i.ILI9341_FSMC_Config)
    i.ILI9341_FillColor                      0x08000edc   Section        0  bsp_ili9341_lcd.o(i.ILI9341_FillColor)
    i.ILI9341_GPIO_Config                    0x08000ef8   Section        0  bsp_ili9341_lcd.o(i.ILI9341_GPIO_Config)
    ILI9341_GPIO_Config                      0x08000ef9   Thumb Code   358  bsp_ili9341_lcd.o(i.ILI9341_GPIO_Config)
    i.ILI9341_GramScan                       0x08001068   Section        0  bsp_ili9341_lcd.o(i.ILI9341_GramScan)
    i.ILI9341_Init                           0x080010f0   Section        0  bsp_ili9341_lcd.o(i.ILI9341_Init)
    i.ILI9341_OpenWindow                     0x08001114   Section        0  bsp_ili9341_lcd.o(i.ILI9341_OpenWindow)
    i.ILI9341_REG_Config                     0x08001154   Section        0  bsp_ili9341_lcd.o(i.ILI9341_REG_Config)
    ILI9341_REG_Config                       0x08001155   Thumb Code   724  bsp_ili9341_lcd.o(i.ILI9341_REG_Config)
    i.ILI9341_ReadID                         0x08001434   Section        0  bsp_ili9341_lcd.o(i.ILI9341_ReadID)
    i.ILI9341_Read_Datas                     0x0800147c   Section        0  bsp_ili9341_lcd.o(i.ILI9341_Read_Datas)
    i.ILI9341_Rst                            0x08001528   Section        0  bsp_ili9341_lcd.o(i.ILI9341_Rst)
    i.ILI9341_SetCursor                      0x08001554   Section        0  bsp_ili9341_lcd.o(i.ILI9341_SetCursor)
    ILI9341_SetCursor                        0x08001555   Thumb Code     8  bsp_ili9341_lcd.o(i.ILI9341_SetCursor)
    i.ILI9341_SetPointPixel                  0x0800155c   Section        0  bsp_ili9341_lcd.o(i.ILI9341_SetPointPixel)
    i.ILI9341_Write_Cmd                      0x08001584   Section        0  bsp_ili9341_lcd.o(i.ILI9341_Write_Cmd)
    i.ILI9341_Write_Data                     0x0800158c   Section        0  bsp_ili9341_lcd.o(i.ILI9341_Write_Data)
    i.JIAO_OS_Init                           0x08001598   Section        0  jiao_os.o(i.JIAO_OS_Init)
    i.Key_GPIO_Config                        0x080015e0   Section        0  bsp_key.o(i.Key_GPIO_Config)
    i.Key_TouchEventHandler                  0x08001680   Section        0  bsp_key.o(i.Key_TouchEventHandler)
    i.LCD_GetFont                            0x080016f0   Section        0  bsp_ili9341_lcd.o(i.LCD_GetFont)
    i.LCD_SetColors                          0x080016fc   Section        0  bsp_ili9341_lcd.o(i.LCD_SetColors)
    i.LCD_SetFont                            0x08001708   Section        0  bsp_ili9341_lcd.o(i.LCD_SetFont)
    i.LCD_SetTextColor                       0x08001718   Section        0  bsp_ili9341_lcd.o(i.LCD_SetTextColor)
    i.LED_GPIO_Config                        0x08001724   Section        0  bsp_led.o(i.LED_GPIO_Config)
    i.MemManage_Handler                      0x0800176c   Section        0  stm32f10x_it.o(i.MemManage_Handler)
    i.NMI_Handler                            0x0800176e   Section        0  stm32f10x_it.o(i.NMI_Handler)
    i.NVIC_Init                              0x08001770   Section        0  misc.o(i.NVIC_Init)
    i.NVIC_PriorityGroupConfig               0x080017d4   Section        0  misc.o(i.NVIC_PriorityGroupConfig)
    i.RCC_AHBPeriphClockCmd                  0x080017e8   Section        0  stm32f10x_rcc.o(i.RCC_AHBPeriphClockCmd)
    i.RCC_APB1PeriphClockCmd                 0x08001800   Section        0  stm32f10x_rcc.o(i.RCC_APB1PeriphClockCmd)
    i.RCC_APB2PeriphClockCmd                 0x08001818   Section        0  stm32f10x_rcc.o(i.RCC_APB2PeriphClockCmd)
    i.RCC_GetClocksFreq                      0x08001830   Section        0  stm32f10x_rcc.o(i.RCC_GetClocksFreq)
    i.SPI_Cmd                                0x080018c4   Section        0  stm32f10x_spi.o(i.SPI_Cmd)
    i.SPI_FLASH_BufferRead                   0x080018d8   Section        0  bsp_spi_flash.o(i.SPI_FLASH_BufferRead)
    i.SPI_FLASH_BufferWrite                  0x0800192c   Section        0  bsp_spi_flash.o(i.SPI_FLASH_BufferWrite)
    i.SPI_FLASH_Init                         0x080019e4   Section        0  bsp_spi_flash.o(i.SPI_FLASH_Init)
    i.SPI_FLASH_PageWrite                    0x08001aa4   Section        0  bsp_spi_flash.o(i.SPI_FLASH_PageWrite)
    i.SPI_FLASH_SectorErase                  0x08001b40   Section        0  bsp_spi_flash.o(i.SPI_FLASH_SectorErase)
    i.SPI_FLASH_SendByte                     0x08001b88   Section        0  bsp_spi_flash.o(i.SPI_FLASH_SendByte)
    i.SPI_FLASH_WaitForWriteEnd              0x08001bec   Section        0  bsp_spi_flash.o(i.SPI_FLASH_WaitForWriteEnd)
    i.SPI_FLASH_WriteEnable                  0x08001c18   Section        0  bsp_spi_flash.o(i.SPI_FLASH_WriteEnable)
    i.SPI_I2S_GetFlagStatus                  0x08001c3c   Section        0  stm32f10x_spi.o(i.SPI_I2S_GetFlagStatus)
    i.SPI_I2S_ReceiveData                    0x08001c4a   Section        0  stm32f10x_spi.o(i.SPI_I2S_ReceiveData)
    i.SPI_I2S_SendData                       0x08001c4e   Section        0  stm32f10x_spi.o(i.SPI_I2S_SendData)
    i.SPI_Init                               0x08001c52   Section        0  stm32f10x_spi.o(i.SPI_Init)
    i.SPI_TIMEOUT_UserCallback               0x08001c8c   Section        0  bsp_spi_flash.o(i.SPI_TIMEOUT_UserCallback)
    SPI_TIMEOUT_UserCallback                 0x08001c8d   Thumb Code    14  bsp_spi_flash.o(i.SPI_TIMEOUT_UserCallback)
    i.SetSysClockTo72                        0x08001ccc   Section        0  system_stm32f10x.o(i.SetSysClockTo72)
    SetSysClockTo72                          0x08001ccd   Thumb Code   160  system_stm32f10x.o(i.SetSysClockTo72)
    i.SysTick_Handler                        0x08001d74   Section        0  stm32f10x_it.o(i.SysTick_Handler)
    i.SystemInit                             0x08001d78   Section        0  system_stm32f10x.o(i.SystemInit)
    i.TIM6_IRQHandler                        0x08001dc8   Section        0  stm32f10x_it.o(i.TIM6_IRQHandler)
    i.TIM7_IRQHandler                        0x08001e30   Section        0  stm32f10x_it.o(i.TIM7_IRQHandler)
    i.TIM_ClearFlag                          0x08001ed4   Section        0  stm32f10x_tim.o(i.TIM_ClearFlag)
    i.TIM_ClearITPendingBit                  0x08001eda   Section        0  stm32f10x_tim.o(i.TIM_ClearITPendingBit)
    i.TIM_Cmd                                0x08001ee0   Section        0  stm32f10x_tim.o(i.TIM_Cmd)
    i.TIM_GetITStatus                        0x08001ef4   Section        0  stm32f10x_tim.o(i.TIM_GetITStatus)
    i.TIM_ITConfig                           0x08001f0c   Section        0  stm32f10x_tim.o(i.TIM_ITConfig)
    i.TIM_TimeBaseInit                       0x08001f1c   Section        0  stm32f10x_tim.o(i.TIM_TimeBaseInit)
    i.TOUCH_TIM_Config                       0x08001fb8   Section        0  bsp_base_tim.o(i.TOUCH_TIM_Config)
    TOUCH_TIM_Config                         0x08001fb9   Thumb Code   124  bsp_base_tim.o(i.TOUCH_TIM_Config)
    i.TOUCH_TIM_Init                         0x0800203c   Section        0  bsp_base_tim.o(i.TOUCH_TIM_Init)
    i.Time_OutEventHandler                   0x0800208c   Section        0  jiao_time.o(i.Time_OutEventHandler)
    i.Timer_init                             0x080020ec   Section        0  jiao_time.o(i.Timer_init)
    i.USART_Cmd                              0x08002118   Section        0  stm32f10x_usart.o(i.USART_Cmd)
    i.USART_Config                           0x0800212c   Section        0  bsp_usart.o(i.USART_Config)
    i.USART_GetFlagStatus                    0x080021b0   Section        0  stm32f10x_usart.o(i.USART_GetFlagStatus)
    i.USART_Init                             0x080021c0   Section        0  stm32f10x_usart.o(i.USART_Init)
    i.USART_SendData                         0x0800226c   Section        0  stm32f10x_usart.o(i.USART_SendData)
    i.UsageFault_Handler                     0x08002274   Section        0  stm32f10x_it.o(i.UsageFault_Handler)
    i.XPT2046_Calculate_CalibrationFactor    0x08002276   Section        0  bsp_xpt2046_lcd.o(i.XPT2046_Calculate_CalibrationFactor)
    XPT2046_Calculate_CalibrationFactor      0x08002277   Thumb Code   402  bsp_xpt2046_lcd.o(i.XPT2046_Calculate_CalibrationFactor)
    i.XPT2046_DelayUS                        0x08002408   Section        0  bsp_xpt2046_lcd.o(i.XPT2046_DelayUS)
    XPT2046_DelayUS                          0x08002409   Thumb Code    24  bsp_xpt2046_lcd.o(i.XPT2046_DelayUS)
    i.XPT2046_Get_TouchedPoint               0x08002420   Section        0  bsp_xpt2046_lcd.o(i.XPT2046_Get_TouchedPoint)
    i.XPT2046_Init                           0x080024b8   Section        0  bsp_xpt2046_lcd.o(i.XPT2046_Init)
    i.XPT2046_ReadAdc                        0x0800258c   Section        0  bsp_xpt2046_lcd.o(i.XPT2046_ReadAdc)
    XPT2046_ReadAdc                          0x0800258d   Thumb Code   154  bsp_xpt2046_lcd.o(i.XPT2046_ReadAdc)
    i.XPT2046_ReadAdc_Smooth_XY              0x0800262c   Section        0  bsp_xpt2046_lcd.o(i.XPT2046_ReadAdc_Smooth_XY)
    XPT2046_ReadAdc_Smooth_XY                0x0800262d   Thumb Code   314  bsp_xpt2046_lcd.o(i.XPT2046_ReadAdc_Smooth_XY)
    i.XPT2046_TouchDown                      0x08002770   Section        0  bsp_xpt2046_lcd.o(i.XPT2046_TouchDown)
    i.XPT2046_TouchEvenHandler               0x08002774   Section        0  bsp_xpt2046_lcd.o(i.XPT2046_TouchEvenHandler)
    i.XPT2046_TouchUp                        0x080027c4   Section        0  bsp_xpt2046_lcd.o(i.XPT2046_TouchUp)
    i.XPT2046_Touch_Calibrate                0x080027c8   Section        0  bsp_xpt2046_lcd.o(i.XPT2046_Touch_Calibrate)
    i.__0printf$8                            0x08002b34   Section        0  printf8.o(i.__0printf$8)
    i.__0sprintf$8                           0x08002b54   Section        0  printf8.o(i.__0sprintf$8)
    i.__scatterload_copy                     0x08002b7c   Section       14  handlers.o(i.__scatterload_copy)
    i.__scatterload_null                     0x08002b8a   Section        2  handlers.o(i.__scatterload_null)
    i.__scatterload_zeroinit                 0x08002b8c   Section       14  handlers.o(i.__scatterload_zeroinit)
    i._printf_core                           0x08002b9c   Section        0  printf8.o(i._printf_core)
    _printf_core                             0x08002b9d   Thumb Code   996  printf8.o(i._printf_core)
    i._printf_post_padding                   0x08002fac   Section        0  printf8.o(i._printf_post_padding)
    _printf_post_padding                     0x08002fad   Thumb Code    36  printf8.o(i._printf_post_padding)
    i._printf_pre_padding                    0x08002fd0   Section        0  printf8.o(i._printf_pre_padding)
    _printf_pre_padding                      0x08002fd1   Thumb Code    46  printf8.o(i._printf_pre_padding)
    i._sputc                                 0x08002ffe   Section        0  printf8.o(i._sputc)
    _sputc                                   0x08002fff   Thumb Code    10  printf8.o(i._sputc)
    i.boxfill8                               0x08003008   Section        0  jiao_dasktop.o(i.boxfill8)
    i.boxfill_buf                            0x08003044   Section        0  jiao_dasktop.o(i.boxfill_buf)
    i.buf_fill8                              0x0800307e   Section        0  jiao_dasktop.o(i.buf_fill8)
    i.fifo8_put                              0x080030a6   Section        0  jiao_fifo.o(i.fifo8_put)
    i.flish_Disply_fill8                     0x080030d8   Section        0  jiao_dasktop.o(i.flish_Disply_fill8)
    i.fputc                                  0x0800314c   Section        0  bsp_usart.o(i.fputc)
    i.free                                   0x08003170   Section        0  malloc.o(i.free)
    i.init_mouse_cursor8                     0x080031c0   Section        0  jiao_dasktop.o(i.init_mouse_cursor8)
    i.main                                   0x0800320c   Section        0  main.o(i.main)
    i.make_window8                           0x0800324c   Section        0  jiao_dasktop.o(i.make_window8)
    i.malloc                                 0x0800338c   Section        0  malloc.o(i.malloc)
    i.putfonts8_asc                          0x080033f8   Section        0  jiao_dasktop.o(i.putfonts8_asc)
    i.sheet_alloc                            0x08003472   Section        0  jiao_sheet.o(i.sheet_alloc)
    i.sheet_init                             0x08003498   Section        0  jiao_sheet.o(i.sheet_init)
    i.sheet_refreshsub                       0x08003510   Section        0  jiao_sheet.o(i.sheet_refreshsub)
    i.sheet_setbuf                           0x08003664   Section        0  jiao_sheet.o(i.sheet_setbuf)
    i.sheet_slide                            0x08003670   Section        0  jiao_sheet.o(i.sheet_slide)
    i.sheet_updown                           0x080036cc   Section        0  jiao_sheet.o(i.sheet_updown)
    i.shtctl_init                            0x0800377c   Section        0  jiao_sheet.o(i.shtctl_init)
    i.timer_alloc                            0x080037a0   Section        0  jiao_time.o(i.timer_alloc)
    i.timer_settime                          0x080037d0   Section        0  jiao_time.o(i.timer_settime)
    i.vTaskSwitchContext                     0x08003808   Section        0  jiao_task.o(i.vTaskSwitchContext)
    .constdata                               0x08003820   Section     1520  fonts.o(.constdata)
    .data                                    0x20000000   Section       20  stm32f10x_rcc.o(.data)
    ADCPrescTable                            0x20000000   Data           4  stm32f10x_rcc.o(.data)
    APBAHBPrescTable                         0x20000004   Data          16  stm32f10x_rcc.o(.data)
    .data                                    0x20000014   Section      208  bsp_xpt2046_lcd.o(.data)
    touch_state                              0x20000015   Data           1  bsp_xpt2046_lcd.o(.data)
    i                                        0x20000018   Data           4  bsp_xpt2046_lcd.o(.data)
    cinfo                                    0x2000001c   Data           8  bsp_xpt2046_lcd.o(.data)
    .data                                    0x200000e4   Section        8  fonts.o(.data)
    .data                                    0x200000ec   Section        1  fonts.o(.data)
    everRead                                 0x200000ec   Data           1  fonts.o(.data)
    .data                                    0x200000f0   Section        4  bsp_spi_flash.o(.data)
    SPITimeout                               0x200000f0   Data           4  bsp_spi_flash.o(.data)
    .data                                    0x200000f4   Section       16  bsp_ili9341_lcd.o(.data)
    CurrentTextColor                         0x200000fc   Data           2  bsp_ili9341_lcd.o(.data)
    CurrentBackColor                         0x200000fe   Data           2  bsp_ili9341_lcd.o(.data)
    LCD_Currentfonts                         0x20000100   Data           4  bsp_ili9341_lcd.o(.data)
    .data                                    0x20000104   Section      514  jiao_dasktop.o(.data)
    cursor                                   0x20000126   Data         256  jiao_dasktop.o(.data)
    closebtn                                 0x20000226   Data         224  jiao_dasktop.o(.data)
    .data                                    0x20000308   Section        8  jiao_sheet.o(.data)
    .data                                    0x20000310   Section        8  jiao_task.o(.data)
    uxCriticalNesting                        0x20000314   Data           4  jiao_task.o(.data)
    .data                                    0x20000318   Section        8  jiao_time.o(.data)
    .data                                    0x20000320   Section        4  stdout.o(.data)
    .data                                    0x20000324   Section        4  mvars.o(.data)
    .data                                    0x20000328   Section        4  mvars.o(.data)
    .bss                                     0x2000032c   Section     3426  bsp_ili9341_lcd.o(.bss)
    .bss                                     0x2000108e   Section      266  jiao_dasktop.o(.bss)
    .bss                                     0x20001198   Section     3160  jiao_os.o(.bss)
    .bss                                     0x20001df0   Section      192  jiao_sheet.o(.bss)
    .bss                                     0x20001eb0   Section      188  jiao_task.o(.bss)
    .bss                                     0x20001f6c   Section      112  jiao_time.o(.bss)
    HEAP                                     0x20001fe0   Section     8192  startup_stm32f10x_hd.o(HEAP)
    STACK                                    0x20003fe0   Section     2048  startup_stm32f10x_hd.o(STACK)

    Global Symbols

    Symbol Name                              Value     Ov Type        Size  Object(Section)

    BuildAttributes$$THM_ISAv4$P$D$K$B$S$PE$A:L22UL41UL21$X:L11$S22US41US21$IEEE1$IW$USESV6$~STKCKD$USESV7$~SHL$OTIME$ROPI$EBA8$MICROLIB$REQ8$PRES8$EABIv2 0x00000000   Number         0  anon$$obj.o ABSOLUTE
    __ARM_use_no_argv                        0x00000000   Number         0  main.o ABSOLUTE
    _printf_a                                0x00000000   Number         0  stubs.o ABSOLUTE
    _printf_c                                0x00000000   Number         0  stubs.o ABSOLUTE
    _printf_charcount                        0x00000000   Number         0  stubs.o ABSOLUTE
    _printf_d                                0x00000000   Number         0  stubs.o ABSOLUTE
    _printf_e                                0x00000000   Number         0  stubs.o ABSOLUTE
    _printf_f                                0x00000000   Number         0  stubs.o ABSOLUTE
    _printf_flags                            0x00000000   Number         0  stubs.o ABSOLUTE
    _printf_fp_dec                           0x00000000   Number         0  stubs.o ABSOLUTE
    _printf_fp_hex                           0x00000000   Number         0  stubs.o ABSOLUTE
    _printf_g                                0x00000000   Number         0  stubs.o ABSOLUTE
    _printf_i                                0x00000000   Number         0  stubs.o ABSOLUTE
    _printf_int_dec                          0x00000000   Number         0  stubs.o ABSOLUTE
    _printf_l                                0x00000000   Number         0  stubs.o ABSOLUTE
    _printf_lc                               0x00000000   Number         0  stubs.o ABSOLUTE
    _printf_ll                               0x00000000   Number         0  stubs.o ABSOLUTE
    _printf_lld                              0x00000000   Number         0  stubs.o ABSOLUTE
    _printf_lli                              0x00000000   Number         0  stubs.o ABSOLUTE
    _printf_llo                              0x00000000   Number         0  stubs.o ABSOLUTE
    _printf_llu                              0x00000000   Number         0  stubs.o ABSOLUTE
    _printf_llx                              0x00000000   Number         0  stubs.o ABSOLUTE
    _printf_longlong_dec                     0x00000000   Number         0  stubs.o ABSOLUTE
    _printf_longlong_hex                     0x00000000   Number         0  stubs.o ABSOLUTE
    _printf_longlong_oct                     0x00000000   Number         0  stubs.o ABSOLUTE
    _printf_ls                               0x00000000   Number         0  stubs.o ABSOLUTE
    _printf_mbtowc                           0x00000000   Number         0  stubs.o ABSOLUTE
    _printf_n                                0x00000000   Number         0  stubs.o ABSOLUTE
    _printf_o                                0x00000000   Number         0  stubs.o ABSOLUTE
    _printf_p                                0x00000000   Number         0  stubs.o ABSOLUTE
    _printf_percent                          0x00000000   Number         0  stubs.o ABSOLUTE
    _printf_pre_padding                      0x00000000   Number         0  stubs.o ABSOLUTE
    _printf_return_value                     0x00000000   Number         0  stubs.o ABSOLUTE
    _printf_s                                0x00000000   Number         0  stubs.o ABSOLUTE
    _printf_sizespec                         0x00000000   Number         0  stubs.o ABSOLUTE
    _printf_str                              0x00000000   Number         0  stubs.o ABSOLUTE
    _printf_truncate_signed                  0x00000000   Number         0  stubs.o ABSOLUTE
    _printf_truncate_unsigned                0x00000000   Number         0  stubs.o ABSOLUTE
    _printf_u                                0x00000000   Number         0  stubs.o ABSOLUTE
    _printf_wc                               0x00000000   Number         0  stubs.o ABSOLUTE
    _printf_wctomb                           0x00000000   Number         0  stubs.o ABSOLUTE
    _printf_widthprec                        0x00000000   Number         0  stubs.o ABSOLUTE
    _printf_x                                0x00000000   Number         0  stubs.o ABSOLUTE
    __cpp_initialize__aeabi_                  - Undefined Weak Reference
    __cxa_finalize                            - Undefined Weak Reference
    _clock_init                               - Undefined Weak Reference
    _microlib_exit                            - Undefined Weak Reference
    __Vectors_Size                           0x00000130   Number         0  startup_stm32f10x_hd.o ABSOLUTE
    __Vectors                                0x08000000   Data           4  startup_stm32f10x_hd.o(RESET)
    __Vectors_End                            0x08000130   Data           0  startup_stm32f10x_hd.o(RESET)
    __main                                   0x08000131   Thumb Code     0  entry.o(.ARM.Collect$$$$00000000)
    _main_stk                                0x08000131   Thumb Code     0  entry2.o(.ARM.Collect$$$$00000001)
    _main_scatterload                        0x08000135   Thumb Code     0  entry5.o(.ARM.Collect$$$$00000004)
    __main_after_scatterload                 0x08000139   Thumb Code     0  entry5.o(.ARM.Collect$$$$00000004)
    _main_clock                              0x08000139   Thumb Code     0  entry7b.o(.ARM.Collect$$$$00000008)
    _main_cpp_init                           0x08000139   Thumb Code     0  entry8b.o(.ARM.Collect$$$$0000000A)
    _main_init                               0x08000139   Thumb Code     0  entry9a.o(.ARM.Collect$$$$0000000B)
    __rt_final_cpp                           0x08000141   Thumb Code     0  entry10a.o(.ARM.Collect$$$$0000000D)
    __rt_final_exit                          0x08000141   Thumb Code     0  entry11a.o(.ARM.Collect$$$$0000000F)
    PendSV_Handler                           0x08000145   Thumb Code    72  stm32f10x_it.o(.emb_text)
    SVC_Handler                              0x08000191   Thumb Code    32  stm32f10x_it.o(.emb_text)
    Reset_Handler                            0x080001b5   Thumb Code     8  startup_stm32f10x_hd.o(.text)
    ADC1_2_IRQHandler                        0x080001cf   Thumb Code     0  startup_stm32f10x_hd.o(.text)
    ADC3_IRQHandler                          0x080001cf   Thumb Code     0  startup_stm32f10x_hd.o(.text)
    CAN1_RX1_IRQHandler                      0x080001cf   Thumb Code     0  startup_stm32f10x_hd.o(.text)
    CAN1_SCE_IRQHandler                      0x080001cf   Thumb Code     0  startup_stm32f10x_hd.o(.text)
    DMA1_Channel1_IRQHandler                 0x080001cf   Thumb Code     0  startup_stm32f10x_hd.o(.text)
    DMA1_Channel2_IRQHandler                 0x080001cf   Thumb Code     0  startup_stm32f10x_hd.o(.text)
    DMA1_Channel3_IRQHandler                 0x080001cf   Thumb Code     0  startup_stm32f10x_hd.o(.text)
    DMA1_Channel4_IRQHandler                 0x080001cf   Thumb Code     0  startup_stm32f10x_hd.o(.text)
    DMA1_Channel5_IRQHandler                 0x080001cf   Thumb Code     0  startup_stm32f10x_hd.o(.text)
    DMA1_Channel6_IRQHandler                 0x080001cf   Thumb Code     0  startup_stm32f10x_hd.o(.text)
    DMA1_Channel7_IRQHandler                 0x080001cf   Thumb Code     0  startup_stm32f10x_hd.o(.text)
    DMA2_Channel1_IRQHandler                 0x080001cf   Thumb Code     0  startup_stm32f10x_hd.o(.text)
    DMA2_Channel2_IRQHandler                 0x080001cf   Thumb Code     0  startup_stm32f10x_hd.o(.text)
    DMA2_Channel3_IRQHandler                 0x080001cf   Thumb Code     0  startup_stm32f10x_hd.o(.text)
    DMA2_Channel4_5_IRQHandler               0x080001cf   Thumb Code     0  startup_stm32f10x_hd.o(.text)
    EXTI1_IRQHandler                         0x080001cf   Thumb Code     0  startup_stm32f10x_hd.o(.text)
    EXTI2_IRQHandler                         0x080001cf   Thumb Code     0  startup_stm32f10x_hd.o(.text)
    EXTI3_IRQHandler                         0x080001cf   Thumb Code     0  startup_stm32f10x_hd.o(.text)
    EXTI9_5_IRQHandler                       0x080001cf   Thumb Code     0  startup_stm32f10x_hd.o(.text)
    FLASH_IRQHandler                         0x080001cf   Thumb Code     0  startup_stm32f10x_hd.o(.text)
    FSMC_IRQHandler                          0x080001cf   Thumb Code     0  startup_stm32f10x_hd.o(.text)
    I2C1_ER_IRQHandler                       0x080001cf   Thumb Code     0  startup_stm32f10x_hd.o(.text)
    I2C1_EV_IRQHandler                       0x080001cf   Thumb Code     0  startup_stm32f10x_hd.o(.text)
    I2C2_ER_IRQHandler                       0x080001cf   Thumb Code     0  startup_stm32f10x_hd.o(.text)
    I2C2_EV_IRQHandler                       0x080001cf   Thumb Code     0  startup_stm32f10x_hd.o(.text)
    PVD_IRQHandler                           0x080001cf   Thumb Code     0  startup_stm32f10x_hd.o(.text)
    RCC_IRQHandler                           0x080001cf   Thumb Code     0  startup_stm32f10x_hd.o(.text)
    RTCAlarm_IRQHandler                      0x080001cf   Thumb Code     0  startup_stm32f10x_hd.o(.text)
    RTC_IRQHandler                           0x080001cf   Thumb Code     0  startup_stm32f10x_hd.o(.text)
    SDIO_IRQHandler                          0x080001cf   Thumb Code     0  startup_stm32f10x_hd.o(.text)
    SPI1_IRQHandler                          0x080001cf   Thumb Code     0  startup_stm32f10x_hd.o(.text)
    SPI2_IRQHandler                          0x080001cf   Thumb Code     0  startup_stm32f10x_hd.o(.text)
    SPI3_IRQHandler                          0x080001cf   Thumb Code     0  startup_stm32f10x_hd.o(.text)
    TAMPER_IRQHandler                        0x080001cf   Thumb Code     0  startup_stm32f10x_hd.o(.text)
    TIM1_BRK_IRQHandler                      0x080001cf   Thumb Code     0  startup_stm32f10x_hd.o(.text)
    TIM1_CC_IRQHandler                       0x080001cf   Thumb Code     0  startup_stm32f10x_hd.o(.text)
    TIM1_TRG_COM_IRQHandler                  0x080001cf   Thumb Code     0  startup_stm32f10x_hd.o(.text)
    TIM1_UP_IRQHandler                       0x080001cf   Thumb Code     0  startup_stm32f10x_hd.o(.text)
    TIM2_IRQHandler                          0x080001cf   Thumb Code     0  startup_stm32f10x_hd.o(.text)
    TIM3_IRQHandler                          0x080001cf   Thumb Code     0  startup_stm32f10x_hd.o(.text)
    TIM4_IRQHandler                          0x080001cf   Thumb Code     0  startup_stm32f10x_hd.o(.text)
    TIM5_IRQHandler                          0x080001cf   Thumb Code     0  startup_stm32f10x_hd.o(.text)
    TIM8_BRK_IRQHandler                      0x080001cf   Thumb Code     0  startup_stm32f10x_hd.o(.text)
    TIM8_CC_IRQHandler                       0x080001cf   Thumb Code     0  startup_stm32f10x_hd.o(.text)
    TIM8_TRG_COM_IRQHandler                  0x080001cf   Thumb Code     0  startup_stm32f10x_hd.o(.text)
    TIM8_UP_IRQHandler                       0x080001cf   Thumb Code     0  startup_stm32f10x_hd.o(.text)
    UART4_IRQHandler                         0x080001cf   Thumb Code     0  startup_stm32f10x_hd.o(.text)
    UART5_IRQHandler                         0x080001cf   Thumb Code     0  startup_stm32f10x_hd.o(.text)
    USART1_IRQHandler                        0x080001cf   Thumb Code     0  startup_stm32f10x_hd.o(.text)
    USART2_IRQHandler                        0x080001cf   Thumb Code     0  startup_stm32f10x_hd.o(.text)
    USART3_IRQHandler                        0x080001cf   Thumb Code     0  startup_stm32f10x_hd.o(.text)
    USBWakeUp_IRQHandler                     0x080001cf   Thumb Code     0  startup_stm32f10x_hd.o(.text)
    USB_HP_CAN1_TX_IRQHandler                0x080001cf   Thumb Code     0  startup_stm32f10x_hd.o(.text)
    USB_LP_CAN1_RX0_IRQHandler               0x080001cf   Thumb Code     0  startup_stm32f10x_hd.o(.text)
    WWDG_IRQHandler                          0x080001cf   Thumb Code     0  startup_stm32f10x_hd.o(.text)
    __aeabi_memset                           0x080001d9   Thumb Code    14  memseta.o(.text)
    __aeabi_memset4                          0x080001d9   Thumb Code     0  memseta.o(.text)
    __aeabi_memset8                          0x080001d9   Thumb Code     0  memseta.o(.text)
    __aeabi_memclr                           0x080001e7   Thumb Code     4  memseta.o(.text)
    __aeabi_memclr4                          0x080001e7   Thumb Code     0  memseta.o(.text)
    __aeabi_memclr8                          0x080001e7   Thumb Code     0  memseta.o(.text)
    _memset$wrapper                          0x080001eb   Thumb Code    18  memseta.o(.text)
    strlen                                   0x080001fd   Thumb Code    14  strlen.o(.text)
    __aeabi_fadd                             0x0800020b   Thumb Code   164  fadd.o(.text)
    __aeabi_fsub                             0x080002af   Thumb Code     6  fadd.o(.text)
    __aeabi_frsub                            0x080002b5   Thumb Code     6  fadd.o(.text)
    __aeabi_fmul                             0x080002bb   Thumb Code   100  fmul.o(.text)
    __aeabi_fdiv                             0x0800031f   Thumb Code   124  fdiv.o(.text)
    __aeabi_i2f                              0x0800039b   Thumb Code    18  fflti.o(.text)
    __aeabi_f2iz                             0x080003ad   Thumb Code    50  ffixi.o(.text)
    __aeabi_f2uiz                            0x080003df   Thumb Code    40  ffixui.o(.text)
    __aeabi_uldivmod                         0x08000407   Thumb Code    98  uldiv.o(.text)
    __I$use$fp                               0x08000469   Thumb Code     0  iusefp.o(.text)
    _float_round                             0x08000469   Thumb Code    18  fepilogue.o(.text)
    _float_epilogue                          0x0800047b   Thumb Code    92  fepilogue.o(.text)
    __scatterload                            0x080004d9   Thumb Code    28  init.o(.text)
    __scatterload_rt2                        0x080004d9   Thumb Code     0  init.o(.text)
    __aeabi_llsl                             0x080004fd   Thumb Code    30  llshl.o(.text)
    _ll_shift_l                              0x080004fd   Thumb Code     0  llshl.o(.text)
    __aeabi_llsr                             0x0800051b   Thumb Code    32  llushr.o(.text)
    _ll_ushift_r                             0x0800051b   Thumb Code     0  llushr.o(.text)
    __decompress                             0x0800053b   Thumb Code     0  __dclz77c.o(.text)
    __decompress2                            0x0800053b   Thumb Code    94  __dclz77c.o(.text)
    BusFault_Handler                         0x08000599   Thumb Code     2  stm32f10x_it.o(i.BusFault_Handler)
    Calibrate_or_Get_TouchParaWithFlash      0x0800059d   Thumb Code   136  bsp_xpt2046_lcd.o(i.Calibrate_or_Get_TouchParaWithFlash)
    DebugMon_Handler                         0x08000629   Thumb Code     2  stm32f10x_it.o(i.DebugMon_Handler)
    Draw_Dasktop                             0x0800062d   Thumb Code   334  jiao_dasktop.o(i.Draw_Dasktop)
    Draw_Mouse                               0x080007d5   Thumb Code    60  jiao_dasktop.o(i.Draw_Mouse)
    EXTI0_IRQHandler                         0x08000819   Thumb Code    64  stm32f10x_it.o(i.EXTI0_IRQHandler)
    EXTI15_10_IRQHandler                     0x08000861   Thumb Code    68  stm32f10x_it.o(i.EXTI15_10_IRQHandler)
    EXTI4_IRQHandler                         0x080008ad   Thumb Code    58  stm32f10x_it.o(i.EXTI4_IRQHandler)
    EXTI_ClearITPendingBit                   0x080008f9   Thumb Code     6  stm32f10x_exti.o(i.EXTI_ClearITPendingBit)
    EXTI_GetITStatus                         0x08000905   Thumb Code    28  stm32f10x_exti.o(i.EXTI_GetITStatus)
    EXTI_Init                                0x08000925   Thumb Code   108  stm32f10x_exti.o(i.EXTI_Init)
    FIFO8_Get                                0x08000995   Thumb Code    42  jiao_fifo.o(i.FIFO8_Get)
    FIFO8_Init                               0x080009bf   Thumb Code    14  jiao_fifo.o(i.FIFO8_Init)
    FIFO8_Status                             0x080009cd   Thumb Code     8  jiao_fifo.o(i.FIFO8_Status)
    FSMC_NORSRAMCmd                          0x080009d5   Thumb Code    26  stm32f10x_fsmc.o(i.FSMC_NORSRAMCmd)
    FSMC_NORSRAMInit                         0x080009f5   Thumb Code   200  stm32f10x_fsmc.o(i.FSMC_NORSRAMInit)
    GPIO_EXTILineConfig                      0x08000abd   Thumb Code    34  stm32f10x_gpio.o(i.GPIO_EXTILineConfig)
    GPIO_Init                                0x08000ae5   Thumb Code   156  stm32f10x_gpio.o(i.GPIO_Init)
    GPIO_ReadInputDataBit                    0x08000b81   Thumb Code    14  stm32f10x_gpio.o(i.GPIO_ReadInputDataBit)
    GPIO_ResetBits                           0x08000b8f   Thumb Code     4  stm32f10x_gpio.o(i.GPIO_ResetBits)
    GPIO_SetBits                             0x08000b93   Thumb Code     4  stm32f10x_gpio.o(i.GPIO_SetBits)
    GetGBKCode_from_EXFlash                  0x08000b99   Thumb Code    68  fonts.o(i.GetGBKCode_from_EXFlash)
    Get_Dasktop_Part                         0x08000be5   Thumb Code    72  jiao_dasktop.o(i.Get_Dasktop_Part)
    HardFault_Handler                        0x08000c2d   Thumb Code     2  stm32f10x_it.o(i.HardFault_Handler)
    ILI9341_BackLed_Control                  0x08000cb1   Thumb Code    20  bsp_ili9341_lcd.o(i.ILI9341_BackLed_Control)
    ILI9341_Clear                            0x08000cc9   Thumb Code    26  bsp_ili9341_lcd.o(i.ILI9341_Clear)
    ILI9341_DispChar_EN                      0x08000cf9   Thumb Code   134  bsp_ili9341_lcd.o(i.ILI9341_DispChar_EN)
    ILI9341_DispStringLine_EN                0x08000d8d   Thumb Code    72  bsp_ili9341_lcd.o(i.ILI9341_DispStringLine_EN)
    ILI9341_DrawLine                         0x08000dd9   Thumb Code   156  bsp_ili9341_lcd.o(i.ILI9341_DrawLine)
    ILI9341_FillColor                        0x08000edd   Thumb Code    24  bsp_ili9341_lcd.o(i.ILI9341_FillColor)
    ILI9341_GramScan                         0x08001069   Thumb Code   126  bsp_ili9341_lcd.o(i.ILI9341_GramScan)
    ILI9341_Init                             0x080010f1   Thumb Code    34  bsp_ili9341_lcd.o(i.ILI9341_Init)
    ILI9341_OpenWindow                       0x08001115   Thumb Code    58  bsp_ili9341_lcd.o(i.ILI9341_OpenWindow)
    ILI9341_ReadID                           0x08001435   Thumb Code    68  bsp_ili9341_lcd.o(i.ILI9341_ReadID)
    ILI9341_Read_Datas                       0x0800147d   Thumb Code   166  bsp_ili9341_lcd.o(i.ILI9341_Read_Datas)
    ILI9341_Rst                              0x08001529   Thumb Code    40  bsp_ili9341_lcd.o(i.ILI9341_Rst)
    ILI9341_SetPointPixel                    0x0800155d   Thumb Code    34  bsp_ili9341_lcd.o(i.ILI9341_SetPointPixel)
    ILI9341_Write_Cmd                        0x08001585   Thumb Code     8  bsp_ili9341_lcd.o(i.ILI9341_Write_Cmd)
    ILI9341_Write_Data                       0x0800158d   Thumb Code     6  bsp_ili9341_lcd.o(i.ILI9341_Write_Data)
    JIAO_OS_Init                             0x08001599   Thumb Code    58  jiao_os.o(i.JIAO_OS_Init)
    Key_GPIO_Config                          0x080015e1   Thumb Code   152  bsp_key.o(i.Key_GPIO_Config)
    Key_TouchEventHandler                    0x08001681   Thumb Code    56  bsp_key.o(i.Key_TouchEventHandler)
    LCD_GetFont                              0x080016f1   Thumb Code     6  bsp_ili9341_lcd.o(i.LCD_GetFont)
    LCD_SetColors                            0x080016fd   Thumb Code     8  bsp_ili9341_lcd.o(i.LCD_SetColors)
    LCD_SetFont                              0x08001709   Thumb Code     8  bsp_ili9341_lcd.o(i.LCD_SetFont)
    LCD_SetTextColor                         0x08001719   Thumb Code     6  bsp_ili9341_lcd.o(i.LCD_SetTextColor)
    LED_GPIO_Config                          0x08001725   Thumb Code    66  bsp_led.o(i.LED_GPIO_Config)
    MemManage_Handler                        0x0800176d   Thumb Code     2  stm32f10x_it.o(i.MemManage_Handler)
    NMI_Handler                              0x0800176f   Thumb Code     2  stm32f10x_it.o(i.NMI_Handler)
    NVIC_Init                                0x08001771   Thumb Code    94  misc.o(i.NVIC_Init)
    NVIC_PriorityGroupConfig                 0x080017d5   Thumb Code    10  misc.o(i.NVIC_PriorityGroupConfig)
    RCC_AHBPeriphClockCmd                    0x080017e9   Thumb Code    18  stm32f10x_rcc.o(i.RCC_AHBPeriphClockCmd)
    RCC_APB1PeriphClockCmd                   0x08001801   Thumb Code    18  stm32f10x_rcc.o(i.RCC_APB1PeriphClockCmd)
    RCC_APB2PeriphClockCmd                   0x08001819   Thumb Code    18  stm32f10x_rcc.o(i.RCC_APB2PeriphClockCmd)
    RCC_GetClocksFreq                        0x08001831   Thumb Code   132  stm32f10x_rcc.o(i.RCC_GetClocksFreq)
    SPI_Cmd                                  0x080018c5   Thumb Code    20  stm32f10x_spi.o(i.SPI_Cmd)
    SPI_FLASH_BufferRead                     0x080018d9   Thumb Code    78  bsp_spi_flash.o(i.SPI_FLASH_BufferRead)
    SPI_FLASH_BufferWrite                    0x0800192d   Thumb Code   184  bsp_spi_flash.o(i.SPI_FLASH_BufferWrite)
    SPI_FLASH_Init                           0x080019e5   Thumb Code   178  bsp_spi_flash.o(i.SPI_FLASH_Init)
    SPI_FLASH_PageWrite                      0x08001aa5   Thumb Code    98  bsp_spi_flash.o(i.SPI_FLASH_PageWrite)
    SPI_FLASH_SectorErase                    0x08001b41   Thumb Code    66  bsp_spi_flash.o(i.SPI_FLASH_SectorErase)
    SPI_FLASH_SendByte                       0x08001b89   Thumb Code    90  bsp_spi_flash.o(i.SPI_FLASH_SendByte)
    SPI_FLASH_WaitForWriteEnd                0x08001bed   Thumb Code    40  bsp_spi_flash.o(i.SPI_FLASH_WaitForWriteEnd)
    SPI_FLASH_WriteEnable                    0x08001c19   Thumb Code    30  bsp_spi_flash.o(i.SPI_FLASH_WriteEnable)
    SPI_I2S_GetFlagStatus                    0x08001c3d   Thumb Code    14  stm32f10x_spi.o(i.SPI_I2S_GetFlagStatus)
    SPI_I2S_ReceiveData                      0x08001c4b   Thumb Code     4  stm32f10x_spi.o(i.SPI_I2S_ReceiveData)
    SPI_I2S_SendData                         0x08001c4f   Thumb Code     4  stm32f10x_spi.o(i.SPI_I2S_SendData)
    SPI_Init                                 0x08001c53   Thumb Code    56  stm32f10x_spi.o(i.SPI_Init)
    SysTick_Handler                          0x08001d75   Thumb Code     2  stm32f10x_it.o(i.SysTick_Handler)
    SystemInit                               0x08001d79   Thumb Code    64  system_stm32f10x.o(i.SystemInit)
    TIM6_IRQHandler                          0x08001dc9   Thumb Code    92  stm32f10x_it.o(i.TIM6_IRQHandler)
    TIM7_IRQHandler                          0x08001e31   Thumb Code   140  stm32f10x_it.o(i.TIM7_IRQHandler)
    TIM_ClearFlag                            0x08001ed5   Thumb Code     6  stm32f10x_tim.o(i.TIM_ClearFlag)
    TIM_ClearITPendingBit                    0x08001edb   Thumb Code     6  stm32f10x_tim.o(i.TIM_ClearITPendingBit)
    TIM_Cmd                                  0x08001ee1   Thumb Code    20  stm32f10x_tim.o(i.TIM_Cmd)
    TIM_GetITStatus                          0x08001ef5   Thumb Code    24  stm32f10x_tim.o(i.TIM_GetITStatus)
    TIM_ITConfig                             0x08001f0d   Thumb Code    16  stm32f10x_tim.o(i.TIM_ITConfig)
    TIM_TimeBaseInit                         0x08001f1d   Thumb Code   114  stm32f10x_tim.o(i.TIM_TimeBaseInit)
    TOUCH_TIM_Init                           0x0800203d   Thumb Code    78  bsp_base_tim.o(i.TOUCH_TIM_Init)
    Time_OutEventHandler                     0x0800208d   Thumb Code    52  jiao_time.o(i.Time_OutEventHandler)
    Timer_init                               0x080020ed   Thumb Code    34  jiao_time.o(i.Timer_init)
    USART_Cmd                                0x08002119   Thumb Code    20  stm32f10x_usart.o(i.USART_Cmd)
    USART_Config                             0x0800212d   Thumb Code   122  bsp_usart.o(i.USART_Config)
    USART_GetFlagStatus                      0x080021b1   Thumb Code    14  stm32f10x_usart.o(i.USART_GetFlagStatus)
    USART_Init                               0x080021c1   Thumb Code   166  stm32f10x_usart.o(i.USART_Init)
    USART_SendData                           0x0800226d   Thumb Code     8  stm32f10x_usart.o(i.USART_SendData)
    UsageFault_Handler                       0x08002275   Thumb Code     2  stm32f10x_it.o(i.UsageFault_Handler)
    XPT2046_Get_TouchedPoint                 0x08002421   Thumb Code   148  bsp_xpt2046_lcd.o(i.XPT2046_Get_TouchedPoint)
    XPT2046_Init                             0x080024b9   Thumb Code   202  bsp_xpt2046_lcd.o(i.XPT2046_Init)
    XPT2046_TouchDown                        0x08002771   Thumb Code     2  bsp_xpt2046_lcd.o(i.XPT2046_TouchDown)
    XPT2046_TouchEvenHandler                 0x08002775   Thumb Code    72  bsp_xpt2046_lcd.o(i.XPT2046_TouchEvenHandler)
    XPT2046_TouchUp                          0x080027c5   Thumb Code     2  bsp_xpt2046_lcd.o(i.XPT2046_TouchUp)
    XPT2046_Touch_Calibrate                  0x080027c9   Thumb Code   762  bsp_xpt2046_lcd.o(i.XPT2046_Touch_Calibrate)
    __0printf$8                              0x08002b35   Thumb Code    22  printf8.o(i.__0printf$8)
    __1printf$8                              0x08002b35   Thumb Code     0  printf8.o(i.__0printf$8)
    __2printf                                0x08002b35   Thumb Code     0  printf8.o(i.__0printf$8)
    __0sprintf$8                             0x08002b55   Thumb Code    34  printf8.o(i.__0sprintf$8)
    __1sprintf$8                             0x08002b55   Thumb Code     0  printf8.o(i.__0sprintf$8)
    __2sprintf                               0x08002b55   Thumb Code     0  printf8.o(i.__0sprintf$8)
    __scatterload_copy                       0x08002b7d   Thumb Code    14  handlers.o(i.__scatterload_copy)
    __scatterload_null                       0x08002b8b   Thumb Code     2  handlers.o(i.__scatterload_null)
    __scatterload_zeroinit                   0x08002b8d   Thumb Code    14  handlers.o(i.__scatterload_zeroinit)
    boxfill8                                 0x08003009   Thumb Code    54  jiao_dasktop.o(i.boxfill8)
    boxfill_buf                              0x08003045   Thumb Code    58  jiao_dasktop.o(i.boxfill_buf)
    buf_fill8                                0x0800307f   Thumb Code    40  jiao_dasktop.o(i.buf_fill8)
    fifo8_put                                0x080030a7   Thumb Code    50  jiao_fifo.o(i.fifo8_put)
    flish_Disply_fill8                       0x080030d9   Thumb Code   106  jiao_dasktop.o(i.flish_Disply_fill8)
    fputc                                    0x0800314d   Thumb Code    30  bsp_usart.o(i.fputc)
    free                                     0x08003171   Thumb Code    76  malloc.o(i.free)
    init_mouse_cursor8                       0x080031c1   Thumb Code    70  jiao_dasktop.o(i.init_mouse_cursor8)
    main                                     0x0800320d   Thumb Code    60  main.o(i.main)
    make_window8                             0x0800324d   Thumb Code   314  jiao_dasktop.o(i.make_window8)
    malloc                                   0x0800338d   Thumb Code    92  malloc.o(i.malloc)
    putfonts8_asc                            0x080033f9   Thumb Code   122  jiao_dasktop.o(i.putfonts8_asc)
    sheet_alloc                              0x08003473   Thumb Code    36  jiao_sheet.o(i.sheet_alloc)
    sheet_init                               0x08003499   Thumb Code   102  jiao_sheet.o(i.sheet_init)
    sheet_refreshsub                         0x08003511   Thumb Code   306  jiao_sheet.o(i.sheet_refreshsub)
    sheet_setbuf                             0x08003665   Thumb Code    12  jiao_sheet.o(i.sheet_setbuf)
    sheet_slide                              0x08003671   Thumb Code    72  jiao_sheet.o(i.sheet_slide)
    sheet_updown                             0x080036cd   Thumb Code   174  jiao_sheet.o(i.sheet_updown)
    shtctl_init                              0x0800377d   Thumb Code    30  jiao_sheet.o(i.shtctl_init)
    timer_alloc                              0x080037a1   Thumb Code    42  jiao_time.o(i.timer_alloc)
    timer_settime                            0x080037d1   Thumb Code    52  jiao_time.o(i.timer_settime)
    vTaskSwitchContext                       0x08003809   Thumb Code    16  jiao_task.o(i.vTaskSwitchContext)
    ASCII8x16_Table                          0x08003820   Data        1520  fonts.o(.constdata)
    Region$$Table$$Base                      0x08003e10   Number         0  anon$$obj.o(Region$$Table)
    Region$$Table$$Limit                     0x08003e30   Number         0  anon$$obj.o(Region$$Table)
    ucXPT2046_TouchFlag                      0x20000014   Data           1  bsp_xpt2046_lcd.o(.data)
    strXPT2046_TouchPara                     0x20000024   Data         192  bsp_xpt2046_lcd.o(.data)
    Font8x16                                 0x200000e4   Data           8  fonts.o(.data)
    LCD_SCAN_MODE                            0x200000f4   Data           1  bsp_ili9341_lcd.o(.data)
    LCD_X_LENGTH                             0x200000f6   Data           2  bsp_ili9341_lcd.o(.data)
    LCD_Y_LENGTH                             0x200000f8   Data           2  bsp_ili9341_lcd.o(.data)
    lcdid                                    0x200000fa   Data           2  bsp_ili9341_lcd.o(.data)
    table_rgb565                             0x20000104   Data          34  jiao_dasktop.o(.data)
    Mouse_sht                                0x20000308   Data           4  jiao_sheet.o(.data)
    Windoes_sht                              0x2000030c   Data           4  jiao_sheet.o(.data)
    pxCurrentTCB                             0x20000310   Data           4  jiao_task.o(.data)
    task_exchang_timer                       0x20000318   Data           4  jiao_time.o(.data)
    timer2                                   0x2000031c   Data           4  jiao_time.o(.data)
    __stdout                                 0x20000320   Data           4  stdout.o(.data)
    __microlib_freelist                      0x20000324   Data           4  mvars.o(.data)
    __microlib_freelist_initialised          0x20000328   Data           4  mvars.o(.data)
    zoomBuff                                 0x2000032c   Data         801  bsp_ili9341_lcd.o(.bss)
    zoomTempBuff                             0x2000064d   Data        1024  bsp_ili9341_lcd.o(.bss)
    Old_Color                                0x20000a4e   Data        1600  bsp_ili9341_lcd.o(.bss)
    Mouse_def                                0x2000108e   Data         266  jiao_dasktop.o(.bss)
    EventFlog                                0x20001198   Data          40  jiao_os.o(.bss)
    buf_win                                  0x200011c0   Data        3120  jiao_os.o(.bss)
    ctl                                      0x20001df0   Data         192  jiao_sheet.o(.bss)
    Task1TCB                                 0x20001eb0   Data          44  jiao_task.o(.bss)
    Task2TCB                                 0x20001edc   Data          44  jiao_task.o(.bss)
    pxReadyTasksLists                        0x20001f08   Data         100  jiao_task.o(.bss)
    timerctl                                 0x20001f6c   Data         112  jiao_time.o(.bss)
    __heap_base                              0x20001fe0   Data           0  startup_stm32f10x_hd.o(HEAP)
    __heap_limit                             0x20003fe0   Data           0  startup_stm32f10x_hd.o(HEAP)
    __initial_sp                             0x200047e0   Data           0  startup_stm32f10x_hd.o(STACK)



==============================================================================

Memory Map of the image

  Image Entry point : 0x08000131

  Load Region LR_IROM1 (Base: 0x08000000, Size: 0x0000415c, Max: 0x00080000, ABSOLUTE, COMPRESSED[0x00003fc8])

    Execution Region ER_IROM1 (Exec base: 0x08000000, Load base: 0x08000000, Size: 0x00003e30, Max: 0x00080000, ABSOLUTE)

    Exec Addr    Load Addr    Size         Type   Attr      Idx    E Section Name        Object

    0x08000000   0x08000000   0x00000130   Data   RO            3    RESET               startup_stm32f10x_hd.o
    0x08000130   0x08000130   0x00000000   Code   RO         4227  * .ARM.Collect$$$$00000000  mc_w.l(entry.o)
    0x08000130   0x08000130   0x00000004   Code   RO         4535    .ARM.Collect$$$$00000001  mc_w.l(entry2.o)
    0x08000134   0x08000134   0x00000004   Code   RO         4538    .ARM.Collect$$$$00000004  mc_w.l(entry5.o)
    0x08000138   0x08000138   0x00000000   Code   RO         4540    .ARM.Collect$$$$00000008  mc_w.l(entry7b.o)
    0x08000138   0x08000138   0x00000000   Code   RO         4542    .ARM.Collect$$$$0000000A  mc_w.l(entry8b.o)
    0x08000138   0x08000138   0x00000008   Code   RO         4543    .ARM.Collect$$$$0000000B  mc_w.l(entry9a.o)
    0x08000140   0x08000140   0x00000000   Code   RO         4545    .ARM.Collect$$$$0000000D  mc_w.l(entry10a.o)
    0x08000140   0x08000140   0x00000000   Code   RO         4547    .ARM.Collect$$$$0000000F  mc_w.l(entry11a.o)
    0x08000140   0x08000140   0x00000004   Code   RO         4536    .ARM.Collect$$$$00002712  mc_w.l(entry2.o)
    0x08000144   0x08000144   0x00000070   Code   RO         3156    .emb_text           stm32f10x_it.o
    0x080001b4   0x080001b4   0x00000024   Code   RO            4    .text               startup_stm32f10x_hd.o
    0x080001d8   0x080001d8   0x00000024   Code   RO         4230    .text               mc_w.l(memseta.o)
    0x080001fc   0x080001fc   0x0000000e   Code   RO         4232    .text               mc_w.l(strlen.o)
    0x0800020a   0x0800020a   0x000000b0   Code   RO         4523    .text               mf_w.l(fadd.o)
    0x080002ba   0x080002ba   0x00000064   Code   RO         4525    .text               mf_w.l(fmul.o)
    0x0800031e   0x0800031e   0x0000007c   Code   RO         4527    .text               mf_w.l(fdiv.o)
    0x0800039a   0x0800039a   0x00000012   Code   RO         4529    .text               mf_w.l(fflti.o)
    0x080003ac   0x080003ac   0x00000032   Code   RO         4531    .text               mf_w.l(ffixi.o)
    0x080003de   0x080003de   0x00000028   Code   RO         4533    .text               mf_w.l(ffixui.o)
    0x08000406   0x08000406   0x00000062   Code   RO         4552    .text               mc_w.l(uldiv.o)
    0x08000468   0x08000468   0x00000000   Code   RO         4560    .text               mc_w.l(iusefp.o)
    0x08000468   0x08000468   0x0000006e   Code   RO         4561    .text               mf_w.l(fepilogue.o)
    0x080004d6   0x080004d6   0x00000002   PAD
    0x080004d8   0x080004d8   0x00000024   Code   RO         4573    .text               mc_w.l(init.o)
    0x080004fc   0x080004fc   0x0000001e   Code   RO         4575    .text               mc_w.l(llshl.o)
    0x0800051a   0x0800051a   0x00000020   Code   RO         4577    .text               mc_w.l(llushr.o)
    0x0800053a   0x0800053a   0x0000005e   Code   RO         4591    .text               mc_w.l(__dclz77c.o)
    0x08000598   0x08000598   0x00000002   Code   RO         3157    i.BusFault_Handler  stm32f10x_it.o
    0x0800059a   0x0800059a   0x00000002   PAD
    0x0800059c   0x0800059c   0x0000008c   Code   RO         3309    i.Calibrate_or_Get_TouchParaWithFlash  bsp_xpt2046_lcd.o
    0x08000628   0x08000628   0x00000002   Code   RO         3158    i.DebugMon_Handler  stm32f10x_it.o
    0x0800062a   0x0800062a   0x00000002   PAD
    0x0800062c   0x0800062c   0x000001a8   Code   RO         3829    i.Draw_Dasktop      jiao_dasktop.o
    0x080007d4   0x080007d4   0x00000044   Code   RO         3830    i.Draw_Mouse        jiao_dasktop.o
    0x08000818   0x08000818   0x00000048   Code   RO         3159    i.EXTI0_IRQHandler  stm32f10x_it.o
    0x08000860   0x08000860   0x0000004c   Code   RO         3160    i.EXTI15_10_IRQHandler  stm32f10x_it.o
    0x080008ac   0x080008ac   0x0000004c   Code   RO         3161    i.EXTI4_IRQHandler  stm32f10x_it.o
    0x080008f8   0x080008f8   0x0000000c   Code   RO          934    i.EXTI_ClearITPendingBit  stm32f10x_exti.o
    0x08000904   0x08000904   0x00000020   Code   RO          938    i.EXTI_GetITStatus  stm32f10x_exti.o
    0x08000924   0x08000924   0x00000070   Code   RO          939    i.EXTI_Init         stm32f10x_exti.o
    0x08000994   0x08000994   0x0000002a   Code   RO         3923    i.FIFO8_Get         jiao_fifo.o
    0x080009be   0x080009be   0x0000000e   Code   RO         3924    i.FIFO8_Init        jiao_fifo.o
    0x080009cc   0x080009cc   0x00000008   Code   RO         3925    i.FIFO8_Status      jiao_fifo.o
    0x080009d4   0x080009d4   0x00000020   Code   RO         1170    i.FSMC_NORSRAMCmd   stm32f10x_fsmc.o
    0x080009f4   0x080009f4   0x000000c8   Code   RO         1172    i.FSMC_NORSRAMInit  stm32f10x_fsmc.o
    0x08000abc   0x08000abc   0x00000028   Code   RO         1282    i.GPIO_EXTILineConfig  stm32f10x_gpio.o
    0x08000ae4   0x08000ae4   0x0000009c   Code   RO         1285    i.GPIO_Init         stm32f10x_gpio.o
    0x08000b80   0x08000b80   0x0000000e   Code   RO         1289    i.GPIO_ReadInputDataBit  stm32f10x_gpio.o
    0x08000b8e   0x08000b8e   0x00000004   Code   RO         1292    i.GPIO_ResetBits    stm32f10x_gpio.o
    0x08000b92   0x08000b92   0x00000004   Code   RO         1293    i.GPIO_SetBits      stm32f10x_gpio.o
    0x08000b96   0x08000b96   0x00000002   PAD
    0x08000b98   0x08000b98   0x0000004c   Code   RO         3401    i.GetGBKCode_from_EXFlash  fonts.o
    0x08000be4   0x08000be4   0x00000048   Code   RO         3831    i.Get_Dasktop_Part  jiao_dasktop.o
    0x08000c2c   0x08000c2c   0x00000002   Code   RO         3162    i.HardFault_Handler  stm32f10x_it.o
    0x08000c2e   0x08000c2e   0x00000002   PAD
    0x08000c30   0x08000c30   0x00000080   Code   RO         3903    i.Hareware_Init     jiao_os.o
    0x08000cb0   0x08000cb0   0x00000018   Code   RO         3532    i.ILI9341_BackLed_Control  bsp_ili9341_lcd.o
    0x08000cc8   0x08000cc8   0x00000020   Code   RO         3533    i.ILI9341_Clear     bsp_ili9341_lcd.o
    0x08000ce8   0x08000ce8   0x00000010   Code   RO         3534    i.ILI9341_Delay     bsp_ili9341_lcd.o
    0x08000cf8   0x08000cf8   0x00000094   Code   RO         3536    i.ILI9341_DispChar_EN  bsp_ili9341_lcd.o
    0x08000d8c   0x08000d8c   0x0000004c   Code   RO         3537    i.ILI9341_DispStringLine_EN  bsp_ili9341_lcd.o
    0x08000dd8   0x08000dd8   0x0000009c   Code   RO         3548    i.ILI9341_DrawLine  bsp_ili9341_lcd.o
    0x08000e74   0x08000e74   0x00000068   Code   RO         3550    i.ILI9341_FSMC_Config  bsp_ili9341_lcd.o
    0x08000edc   0x08000edc   0x0000001c   Code   RO         3551    i.ILI9341_FillColor  bsp_ili9341_lcd.o
    0x08000ef8   0x08000ef8   0x00000170   Code   RO         3552    i.ILI9341_GPIO_Config  bsp_ili9341_lcd.o
    0x08001068   0x08001068   0x00000088   Code   RO         3554    i.ILI9341_GramScan  bsp_ili9341_lcd.o
    0x080010f0   0x080010f0   0x00000022   Code   RO         3555    i.ILI9341_Init      bsp_ili9341_lcd.o
    0x08001112   0x08001112   0x00000002   PAD
    0x08001114   0x08001114   0x00000040   Code   RO         3556    i.ILI9341_OpenWindow  bsp_ili9341_lcd.o
    0x08001154   0x08001154   0x000002e0   Code   RO         3557    i.ILI9341_REG_Config  bsp_ili9341_lcd.o
    0x08001434   0x08001434   0x00000048   Code   RO         3558    i.ILI9341_ReadID    bsp_ili9341_lcd.o
    0x0800147c   0x0800147c   0x000000ac   Code   RO         3559    i.ILI9341_Read_Datas  bsp_ili9341_lcd.o
    0x08001528   0x08001528   0x0000002c   Code   RO         3560    i.ILI9341_Rst       bsp_ili9341_lcd.o
    0x08001554   0x08001554   0x00000008   Code   RO         3561    i.ILI9341_SetCursor  bsp_ili9341_lcd.o
    0x0800155c   0x0800155c   0x00000028   Code   RO         3562    i.ILI9341_SetPointPixel  bsp_ili9341_lcd.o
    0x08001584   0x08001584   0x00000008   Code   RO         3762    i.ILI9341_Write_Cmd  bsp_ili9341_lcd.o
    0x0800158c   0x0800158c   0x0000000c   Code   RO         3767    i.ILI9341_Write_Data  bsp_ili9341_lcd.o
    0x08001598   0x08001598   0x00000048   Code   RO         3904    i.JIAO_OS_Init      jiao_os.o
    0x080015e0   0x080015e0   0x000000a0   Code   RO         3803    i.Key_GPIO_Config   bsp_key.o
    0x08001680   0x08001680   0x00000070   Code   RO         3804    i.Key_TouchEventHandler  bsp_key.o
    0x080016f0   0x080016f0   0x0000000c   Code   RO         3566    i.LCD_GetFont       bsp_ili9341_lcd.o
    0x080016fc   0x080016fc   0x0000000c   Code   RO         3568    i.LCD_SetColors     bsp_ili9341_lcd.o
    0x08001708   0x08001708   0x00000010   Code   RO         3569    i.LCD_SetFont       bsp_ili9341_lcd.o
    0x08001718   0x08001718   0x0000000c   Code   RO         3570    i.LCD_SetTextColor  bsp_ili9341_lcd.o
    0x08001724   0x08001724   0x00000048   Code   RO         3249    i.LED_GPIO_Config   bsp_led.o
    0x0800176c   0x0800176c   0x00000002   Code   RO         3163    i.MemManage_Handler  stm32f10x_it.o
    0x0800176e   0x0800176e   0x00000002   Code   RO         3164    i.NMI_Handler       stm32f10x_it.o
    0x08001770   0x08001770   0x00000064   Code   RO          132    i.NVIC_Init         misc.o
    0x080017d4   0x080017d4   0x00000014   Code   RO          133    i.NVIC_PriorityGroupConfig  misc.o
    0x080017e8   0x080017e8   0x00000018   Code   RO         1700    i.RCC_AHBPeriphClockCmd  stm32f10x_rcc.o
    0x08001800   0x08001800   0x00000018   Code   RO         1701    i.RCC_APB1PeriphClockCmd  stm32f10x_rcc.o
    0x08001818   0x08001818   0x00000018   Code   RO         1703    i.RCC_APB2PeriphClockCmd  stm32f10x_rcc.o
    0x08001830   0x08001830   0x00000094   Code   RO         1711    i.RCC_GetClocksFreq  stm32f10x_rcc.o
    0x080018c4   0x080018c4   0x00000014   Code   RO         2179    i.SPI_Cmd           stm32f10x_spi.o
    0x080018d8   0x080018d8   0x00000054   Code   RO         3424    i.SPI_FLASH_BufferRead  bsp_spi_flash.o
    0x0800192c   0x0800192c   0x000000b8   Code   RO         3425    i.SPI_FLASH_BufferWrite  bsp_spi_flash.o
    0x080019e4   0x080019e4   0x000000c0   Code   RO         3427    i.SPI_FLASH_Init    bsp_spi_flash.o
    0x08001aa4   0x08001aa4   0x0000009c   Code   RO         3428    i.SPI_FLASH_PageWrite  bsp_spi_flash.o
    0x08001b40   0x08001b40   0x00000048   Code   RO         3432    i.SPI_FLASH_SectorErase  bsp_spi_flash.o
    0x08001b88   0x08001b88   0x00000064   Code   RO         3433    i.SPI_FLASH_SendByte  bsp_spi_flash.o
    0x08001bec   0x08001bec   0x0000002c   Code   RO         3436    i.SPI_FLASH_WaitForWriteEnd  bsp_spi_flash.o
    0x08001c18   0x08001c18   0x00000024   Code   RO         3437    i.SPI_FLASH_WriteEnable  bsp_spi_flash.o
    0x08001c3c   0x08001c3c   0x0000000e   Code   RO         2187    i.SPI_I2S_GetFlagStatus  stm32f10x_spi.o
    0x08001c4a   0x08001c4a   0x00000004   Code   RO         2190    i.SPI_I2S_ReceiveData  stm32f10x_spi.o
    0x08001c4e   0x08001c4e   0x00000004   Code   RO         2191    i.SPI_I2S_SendData  stm32f10x_spi.o
    0x08001c52   0x08001c52   0x00000038   Code   RO         2192    i.SPI_Init          stm32f10x_spi.o
    0x08001c8a   0x08001c8a   0x00000002   PAD
    0x08001c8c   0x08001c8c   0x00000040   Code   RO         3440    i.SPI_TIMEOUT_UserCallback  bsp_spi_flash.o
    0x08001ccc   0x08001ccc   0x000000a8   Code   RO           24    i.SetSysClockTo72   system_stm32f10x.o
    0x08001d74   0x08001d74   0x00000002   Code   RO         3165    i.SysTick_Handler   stm32f10x_it.o
    0x08001d76   0x08001d76   0x00000002   PAD
    0x08001d78   0x08001d78   0x00000050   Code   RO           26    i.SystemInit        system_stm32f10x.o
    0x08001dc8   0x08001dc8   0x00000068   Code   RO         3166    i.TIM6_IRQHandler   stm32f10x_it.o
    0x08001e30   0x08001e30   0x000000a4   Code   RO         3167    i.TIM7_IRQHandler   stm32f10x_it.o
    0x08001ed4   0x08001ed4   0x00000006   Code   RO         2326    i.TIM_ClearFlag     stm32f10x_tim.o
    0x08001eda   0x08001eda   0x00000006   Code   RO         2327    i.TIM_ClearITPendingBit  stm32f10x_tim.o
    0x08001ee0   0x08001ee0   0x00000014   Code   RO         2332    i.TIM_Cmd           stm32f10x_tim.o
    0x08001ef4   0x08001ef4   0x00000018   Code   RO         2353    i.TIM_GetITStatus   stm32f10x_tim.o
    0x08001f0c   0x08001f0c   0x00000010   Code   RO         2357    i.TIM_ITConfig      stm32f10x_tim.o
    0x08001f1c   0x08001f1c   0x0000009c   Code   RO         2403    i.TIM_TimeBaseInit  stm32f10x_tim.o
    0x08001fb8   0x08001fb8   0x00000084   Code   RO         3786    i.TOUCH_TIM_Config  bsp_base_tim.o
    0x0800203c   0x0800203c   0x0000004e   Code   RO         3787    i.TOUCH_TIM_Init    bsp_base_tim.o
    0x0800208a   0x0800208a   0x00000002   PAD
    0x0800208c   0x0800208c   0x00000060   Code   RO         4175    i.Time_OutEventHandler  jiao_time.o
    0x080020ec   0x080020ec   0x0000002c   Code   RO         4176    i.Timer_init        jiao_time.o
    0x08002118   0x08002118   0x00000014   Code   RO         2855    i.USART_Cmd         stm32f10x_usart.o
    0x0800212c   0x0800212c   0x00000084   Code   RO         3261    i.USART_Config      bsp_usart.o
    0x080021b0   0x080021b0   0x0000000e   Code   RO         2858    i.USART_GetFlagStatus  stm32f10x_usart.o
    0x080021be   0x080021be   0x00000002   PAD
    0x080021c0   0x080021c0   0x000000ac   Code   RO         2862    i.USART_Init        stm32f10x_usart.o
    0x0800226c   0x0800226c   0x00000008   Code   RO         2872    i.USART_SendData    stm32f10x_usart.o
    0x08002274   0x08002274   0x00000002   Code   RO         3168    i.UsageFault_Handler  stm32f10x_it.o
    0x08002276   0x08002276   0x00000192   Code   RO         3310    i.XPT2046_Calculate_CalibrationFactor  bsp_xpt2046_lcd.o
    0x08002408   0x08002408   0x00000018   Code   RO         3311    i.XPT2046_DelayUS   bsp_xpt2046_lcd.o
    0x08002420   0x08002420   0x00000098   Code   RO         3312    i.XPT2046_Get_TouchedPoint  bsp_xpt2046_lcd.o
    0x080024b8   0x080024b8   0x000000d4   Code   RO         3313    i.XPT2046_Init      bsp_xpt2046_lcd.o
    0x0800258c   0x0800258c   0x000000a0   Code   RO         3314    i.XPT2046_ReadAdc   bsp_xpt2046_lcd.o
    0x0800262c   0x0800262c   0x00000144   Code   RO         3315    i.XPT2046_ReadAdc_Smooth_XY  bsp_xpt2046_lcd.o
    0x08002770   0x08002770   0x00000002   Code   RO         3317    i.XPT2046_TouchDown  bsp_xpt2046_lcd.o
    0x08002772   0x08002772   0x00000002   PAD
    0x08002774   0x08002774   0x00000050   Code   RO         3318    i.XPT2046_TouchEvenHandler  bsp_xpt2046_lcd.o
    0x080027c4   0x080027c4   0x00000002   Code   RO         3319    i.XPT2046_TouchUp   bsp_xpt2046_lcd.o
    0x080027c6   0x080027c6   0x00000002   PAD
    0x080027c8   0x080027c8   0x0000036c   Code   RO         3320    i.XPT2046_Touch_Calibrate  bsp_xpt2046_lcd.o
    0x08002b34   0x08002b34   0x00000020   Code   RO         4441    i.__0printf$8       mc_w.l(printf8.o)
    0x08002b54   0x08002b54   0x00000028   Code   RO         4443    i.__0sprintf$8      mc_w.l(printf8.o)
    0x08002b7c   0x08002b7c   0x0000000e   Code   RO         4585    i.__scatterload_copy  mc_w.l(handlers.o)
    0x08002b8a   0x08002b8a   0x00000002   Code   RO         4586    i.__scatterload_null  mc_w.l(handlers.o)
    0x08002b8c   0x08002b8c   0x0000000e   Code   RO         4587    i.__scatterload_zeroinit  mc_w.l(handlers.o)
    0x08002b9a   0x08002b9a   0x00000002   PAD
    0x08002b9c   0x08002b9c   0x00000410   Code   RO         4448    i._printf_core      mc_w.l(printf8.o)
    0x08002fac   0x08002fac   0x00000024   Code   RO         4449    i._printf_post_padding  mc_w.l(printf8.o)
    0x08002fd0   0x08002fd0   0x0000002e   Code   RO         4450    i._printf_pre_padding  mc_w.l(printf8.o)
    0x08002ffe   0x08002ffe   0x0000000a   Code   RO         4452    i._sputc            mc_w.l(printf8.o)
    0x08003008   0x08003008   0x0000003c   Code   RO         3832    i.boxfill8          jiao_dasktop.o
    0x08003044   0x08003044   0x0000003a   Code   RO         3833    i.boxfill_buf       jiao_dasktop.o
    0x0800307e   0x0800307e   0x00000028   Code   RO         3834    i.buf_fill8         jiao_dasktop.o
    0x080030a6   0x080030a6   0x00000032   Code   RO         3930    i.fifo8_put         jiao_fifo.o
    0x080030d8   0x080030d8   0x00000074   Code   RO         3835    i.flish_Disply_fill8  jiao_dasktop.o
    0x0800314c   0x0800314c   0x00000024   Code   RO         3267    i.fputc             bsp_usart.o
    0x08003170   0x08003170   0x00000050   Code   RO         4495    i.free              mc_w.l(malloc.o)
    0x080031c0   0x080031c0   0x0000004c   Code   RO         3836    i.init_mouse_cursor8  jiao_dasktop.o
    0x0800320c   0x0800320c   0x00000040   Code   RO         3085    i.main              main.o
    0x0800324c   0x0800324c   0x00000140   Code   RO         3837    i.make_window8      jiao_dasktop.o
    0x0800338c   0x0800338c   0x0000006c   Code   RO         4496    i.malloc            mc_w.l(malloc.o)
    0x080033f8   0x080033f8   0x0000007a   Code   RO         3838    i.putfonts8_asc     jiao_dasktop.o
    0x08003472   0x08003472   0x00000024   Code   RO         3977    i.sheet_alloc       jiao_sheet.o
    0x08003496   0x08003496   0x00000002   PAD
    0x08003498   0x08003498   0x00000078   Code   RO         3979    i.sheet_init        jiao_sheet.o
    0x08003510   0x08003510   0x00000154   Code   RO         3981    i.sheet_refreshsub  jiao_sheet.o
    0x08003664   0x08003664   0x0000000c   Code   RO         3982    i.sheet_setbuf      jiao_sheet.o
    0x08003670   0x08003670   0x0000005c   Code   RO         3983    i.sheet_slide       jiao_sheet.o
    0x080036cc   0x080036cc   0x000000ae   Code   RO         3984    i.sheet_updown      jiao_sheet.o
    0x0800377a   0x0800377a   0x00000002   PAD
    0x0800377c   0x0800377c   0x00000024   Code   RO         3985    i.shtctl_init       jiao_sheet.o
    0x080037a0   0x080037a0   0x00000030   Code   RO         4178    i.timer_alloc       jiao_time.o
    0x080037d0   0x080037d0   0x00000038   Code   RO         4181    i.timer_settime     jiao_time.o
    0x08003808   0x08003808   0x00000018   Code   RO         4092    i.vTaskSwitchContext  jiao_task.o
    0x08003820   0x08003820   0x000005f0   Data   RO         3402    .constdata          fonts.o
    0x08003e10   0x08003e10   0x00000020   Data   RO         4583    Region$$Table       anon$$obj.o


    Execution Region RW_IRAM1 (Exec base: 0x20000000, Load base: 0x08003e30, Size: 0x000047e0, Max: 0x00010000, ABSOLUTE, COMPRESSED[0x00000198])

    Exec Addr    Load Addr    Size         Type   Attr      Idx    E Section Name        Object

    0x20000000   COMPRESSED   0x00000014   Data   RW         1731    .data               stm32f10x_rcc.o
    0x20000014   COMPRESSED   0x000000d0   Data   RW         3321    .data               bsp_xpt2046_lcd.o
    0x200000e4   COMPRESSED   0x00000008   Data   RW         3403    .data               fonts.o
    0x200000ec   COMPRESSED   0x00000001   Data   RW         3404    .data               fonts.o
    0x200000ed   COMPRESSED   0x00000003   PAD
    0x200000f0   COMPRESSED   0x00000004   Data   RW         3441    .data               bsp_spi_flash.o
    0x200000f4   COMPRESSED   0x00000010   Data   RW         3572    .data               bsp_ili9341_lcd.o
    0x20000104   COMPRESSED   0x00000202   Data   RW         3840    .data               jiao_dasktop.o
    0x20000306   COMPRESSED   0x00000002   PAD
    0x20000308   COMPRESSED   0x00000008   Data   RW         3987    .data               jiao_sheet.o
    0x20000310   COMPRESSED   0x00000008   Data   RW         4098    .data               jiao_task.o
    0x20000318   COMPRESSED   0x00000008   Data   RW         4183    .data               jiao_time.o
    0x20000320   COMPRESSED   0x00000004   Data   RW         4549    .data               mc_w.l(stdout.o)
    0x20000324   COMPRESSED   0x00000004   Data   RW         4558    .data               mc_w.l(mvars.o)
    0x20000328   COMPRESSED   0x00000004   Data   RW         4559    .data               mc_w.l(mvars.o)
    0x2000032c        -       0x00000d62   Zero   RW         3571    .bss                bsp_ili9341_lcd.o
    0x2000108e        -       0x0000010a   Zero   RW         3839    .bss                jiao_dasktop.o
    0x20001198        -       0x00000c58   Zero   RW         3905    .bss                jiao_os.o
    0x20001df0        -       0x000000c0   Zero   RW         3986    .bss                jiao_sheet.o
    0x20001eb0        -       0x000000bc   Zero   RW         4097    .bss                jiao_task.o
    0x20001f6c        -       0x00000070   Zero   RW         4182    .bss                jiao_time.o
    0x20001fdc   COMPRESSED   0x00000004   PAD
    0x20001fe0        -       0x00002000   Zero   RW            2    HEAP                startup_stm32f10x_hd.o
    0x20003fe0        -       0x00000800   Zero   RW            1    STACK               startup_stm32f10x_hd.o


==============================================================================

Image component sizes


      Code (inc. data)   RO Data    RW Data    ZI Data      Debug   Object Name

       210          8          0          0          0       1429   bsp_base_tim.o
      2330        120          0         16       3426      23436   bsp_ili9341_lcd.o
       272         64          0          0          0       1636   bsp_key.o
        72          6          0          0          0        502   bsp_led.o
       932        154          0          4          0       6285   bsp_spi_flash.o
       168         16          0          0          0       1159   bsp_usart.o
      2374        156          0        208          0      13228   bsp_xpt2046_lcd.o
         0          0          0          0          0       4500   core_cm3.o
        76          8       1520          9          0       2061   fonts.o
      1356        126          0        514        266       8498   jiao_dasktop.o
       114          0          0          0          0       2616   jiao_fifo.o
       200         82          0          0       3160       1451   jiao_os.o
       810         78          0          8        192       6280   jiao_sheet.o
        24          8          0          8        188       4120   jiao_task.o
       244         64          0          8        112       2978   jiao_time.o
        64          4          0          0          0       6862   main.o
       120         16          0          0          0       1639   misc.o
        36          8        304          0      10240        848   startup_stm32f10x_hd.o
       156         14          0          0          0       2348   stm32f10x_exti.o
       232          6          0          0          0       1977   stm32f10x_fsmc.o
       218          6          0          0          0       4530   stm32f10x_gpio.o
       618         78          0          0          0       6076   stm32f10x_it.o
       220         34          0         20          0       5242   stm32f10x_rcc.o
        98          0          0          0          0       4022   stm32f10x_spi.o
       228         42          0          0          0       5237   stm32f10x_tim.o
       214          6          0          0          0       4300   stm32f10x_usart.o
       248         24          0          0          0     267141   system_stm32f10x.o

    ----------------------------------------------------------------------
     11660       1128       1856        800      17588     390401   Object Totals
         0          0         32          0          0          0   (incl. Generated)
        26          0          0          5          4          0   (incl. Padding)

    ----------------------------------------------------------------------

      Code (inc. data)   RO Data    RW Data    ZI Data      Debug   Library Member Name

        94          0          0          0          0          0   __dclz77c.o
         0          0          0          0          0          0   entry.o
         0          0          0          0          0          0   entry10a.o
         0          0          0          0          0          0   entry11a.o
         8          4          0          0          0          0   entry2.o
         4          0          0          0          0          0   entry5.o
         0          0          0          0          0          0   entry7b.o
         0          0          0          0          0          0   entry8b.o
         8          4          0          0          0          0   entry9a.o
        30          0          0          0          0          0   handlers.o
        36          8          0          0          0         68   init.o
         0          0          0          0          0          0   iusefp.o
        30          0          0          0          0         68   llshl.o
        32          0          0          0          0         68   llushr.o
       188         20          0          0          0        160   malloc.o
        36          0          0          0          0        108   memseta.o
         0          0          0          8          0          0   mvars.o
      1204         60          0          0          0        504   printf8.o
         0          0          0          4          0          0   stdout.o
        14          0          0          0          0         68   strlen.o
        98          0          0          0          0         92   uldiv.o
       176          0          0          0          0        140   fadd.o
       124          0          0          0          0         88   fdiv.o
       110          0          0          0          0        168   fepilogue.o
        50          0          0          0          0         68   ffixi.o
        40          0          0          0          0         68   ffixui.o
        18          0          0          0          0         68   fflti.o
       100          0          0          0          0         76   fmul.o

    ----------------------------------------------------------------------
      2404         96          0         12          0       1812   Library Totals
         4          0          0          0          0          0   (incl. Padding)

    ----------------------------------------------------------------------

      Code (inc. data)   RO Data    RW Data    ZI Data      Debug   Library Name

      1782         96          0         12          0       1136   mc_w.l
       618          0          0          0          0        676   mf_w.l

    ----------------------------------------------------------------------
      2404         96          0         12          0       1812   Library Totals

    ----------------------------------------------------------------------

==============================================================================


      Code (inc. data)   RO Data    RW Data    ZI Data      Debug   

     14064       1224       1856        812      17588     385061   Grand Totals
     14064       1224       1856        408      17588     385061   ELF Image Totals (compressed)
     14064       1224       1856        408          0          0   ROM Totals

==============================================================================

    Total RO  Size (Code + RO Data)                15920 (  15.55kB)
    Total RW  Size (RW Data + ZI Data)             18400 (  17.97kB)
    Total ROM Size (Code + RO Data + RW Data)      16328 (  15.95kB)

==============================================================================

